******************************************************************************
             TMS320C2000 Linker PC v22.6.1                     
******************************************************************************
>> Linked Sun Jan 28 12:12:04 2024

OUTPUT FILE NAME:   <empty_bitfield_driverlib_project - RAM.out>
ENTRY POINT SYMBOL: "_c_int00"  address: 000128fe


MEMORY CONFIGURATION

         name            origin    length      used     unused   attr    fill
----------------------  --------  ---------  --------  --------  ----  --------
PAGE 0:
  BEGIN                 00000000   00000002  00000002  00000000  RWIX
  RAMM0                 00000122   000002de  000000bc  00000222  RWIX
  RAMLS0                00008000   00000800  00000000  00000800  RWIX
  RAMLS1                00008800   00000800  00000000  00000800  RWIX
  RAMLS2                00009000   00000800  00000000  00000800  RWIX
  RAMLS3                00009800   00000800  00000000  00000800  RWIX
  RAMLS4                0000a000   00000800  00000000  00000800  RWIX
  RAMD0                 0000b000   00000800  00000000  00000800  RWIX
  RESET                 003fffc0   00000002  00000000  00000002  RWIX

PAGE 1:
  BOOT_RSVD             00000002   00000120  00000000  00000120  RWIX
  RAMM1                 00000400   00000400  00000220  000001e0  RWIX
  ADCARESULT            00000b00   00000018  00000018  00000000  RWIX
  ADCBRESULT            00000b20   00000018  00000018  00000000  RWIX
  ADCCRESULT            00000b40   00000018  00000018  00000000  RWIX
  ADCDRESULT            00000b60   00000018  00000018  00000000  RWIX
  CPUTIMER0             00000c00   00000008  00000008  00000000  RWIX
  CPUTIMER1             00000c08   00000008  00000008  00000000  RWIX
  CPUTIMER2             00000c10   00000008  00000008  00000000  RWIX
  PIECTRL               00000ce0   0000001a  0000001a  00000000  RWIX
  PIEVECTTABLE          00000d00   00000200  000001c0  00000040  RWIX
  DMA                   00001000   00000200  000000e0  00000120  RWIX
  CLA1                  00001400   00000080  0000003e  00000042  RWIX
  CLB1LOGICCFG          00003000   00000052  0000003e  00000014  RWIX
  CLB1LOGICCTRL         00003100   00000040  00000040  00000000  RWIX
  CLB1DATAEXCH          00003200   00000200  00000108  000000f8  RWIX
  CLB2LOGICCFG          00003400   00000052  0000003e  00000014  RWIX
  CLB2LOGICCTRL         00003500   00000040  00000040  00000000  RWIX
  CLB2DATAEXCH          00003600   00000200  00000108  000000f8  RWIX
  CLB3LOGICCFG          00003800   00000052  0000003e  00000014  RWIX
  CLB3LOGICCTRL         00003900   00000040  00000040  00000000  RWIX
  CLB3DATAEXCH          00003a00   00000200  00000108  000000f8  RWIX
  CLB4LOGICCFG          00003c00   00000052  0000003e  00000014  RWIX
  CLB4LOGICCTRL         00003d00   00000040  00000040  00000000  RWIX
  CLB4DATAEXCH          00003e00   00000200  00000108  000000f8  RWIX
  EPWM1                 00004000   00000100  00000100  00000000  RWIX
  EPWM2                 00004100   00000100  00000100  00000000  RWIX
  EPWM3                 00004200   00000100  00000100  00000000  RWIX
  EPWM4                 00004300   00000100  00000100  00000000  RWIX
  EPWM5                 00004400   00000100  00000100  00000000  RWIX
  EPWM6                 00004500   00000100  00000100  00000000  RWIX
  EPWM7                 00004600   00000100  00000100  00000000  RWIX
  EPWM8                 00004700   00000100  00000100  00000000  RWIX
  EPWM9                 00004800   00000100  00000100  00000000  RWIX
  EPWM10                00004900   00000100  00000100  00000000  RWIX
  EPWM11                00004a00   00000100  00000100  00000000  RWIX
  EPWM12                00004b00   00000100  00000100  00000000  RWIX
  ECAP1                 00005000   00000020  0000001a  00000006  RWIX
  ECAP2                 00005020   00000020  0000001a  00000006  RWIX
  ECAP3                 00005040   00000020  0000001a  00000006  RWIX
  ECAP4                 00005060   00000020  0000001a  00000006  RWIX
  ECAP5                 00005080   00000020  0000001a  00000006  RWIX
  ECAP6                 000050a0   00000020  0000001a  00000006  RWIX
  EQEP1                 00005100   00000022  00000022  00000000  RWIX
  EQEP2                 00005140   00000022  00000022  00000000  RWIX
  EQEP3                 00005180   00000022  00000022  00000000  RWIX
  DACA                  00005c00   00000008  00000007  00000001  RWIX
  DACB                  00005c10   00000008  00000007  00000001  RWIX
  DACC                  00005c20   00000008  00000007  00000001  RWIX
  CMPSS1                00005c80   00000020  0000001b  00000005  RWIX
  CMPSS2                00005ca0   00000020  0000001b  00000005  RWIX
  CMPSS3                00005cc0   00000020  0000001b  00000005  RWIX
  CMPSS4                00005ce0   00000020  0000001b  00000005  RWIX
  CMPSS5                00005d00   00000020  0000001b  00000005  RWIX
  CMPSS6                00005d20   00000020  0000001b  00000005  RWIX
  CMPSS7                00005d40   00000020  0000001b  00000005  RWIX
  CMPSS8                00005d60   00000020  0000001b  00000005  RWIX
  SDFM1                 00005e00   00000080  00000048  00000038  RWIX
  SDFM2                 00005e80   00000080  00000048  00000038  RWIX
  MCBSPA                00006000   00000024  00000024  00000000  RWIX
  MCBSPB                00006040   00000024  00000024  00000000  RWIX
  SPIA                  00006100   00000010  00000010  00000000  RWIX
  SPIB                  00006110   00000010  00000010  00000000  RWIX
  SPIC                  00006120   00000010  00000010  00000000  RWIX
  UPP                   00006200   00000048  00000048  00000000  RWIX
  WD                    00007000   0000002b  0000002b  00000000  RWIX
  NMIINTRUPT            00007060   00000007  00000007  00000000  RWIX
  XINT                  00007070   0000000b  0000000b  00000000  RWIX
  SCIA                  00007200   00000010  00000010  00000000  RWIX
  SCIB                  00007210   00000010  00000010  00000000  RWIX
  SCIC                  00007220   00000010  00000010  00000000  RWIX
  SCID                  00007230   00000010  00000010  00000000  RWIX
  I2CA                  00007300   00000022  00000022  00000000  RWIX
  I2CB                  00007340   00000022  00000022  00000000  RWIX
  ADCA                  00007400   00000080  0000007c  00000004  RWIX
  ADCB                  00007480   00000080  0000007c  00000004  RWIX
  ADCC                  00007500   00000080  0000007c  00000004  RWIX
  ADCD                  00007580   00000080  0000007c  00000004  RWIX
  INPUTXBAR             00007900   00000020  00000020  00000000  RWIX
  XBAR                  00007920   00000020  0000000e  00000012  RWIX
  SYNCSOC               00007940   00000006  00000006  00000000  RWIX
  DMACLASRCSEL          00007980   0000001a  0000001a  00000000  RWIX
  EPWMXBAR              00007a00   00000040  00000040  00000000  RWIX
  CLBXBAR               00007a40   00000040  00000040  00000000  RWIX
  OUTPUTXBAR            00007a80   00000040  00000040  00000000  RWIX
  GPIOCTRL              00007c00   00000180  00000180  00000000  RWIX
  GPIODATA              00007f00   00000030  00000030  00000000  RWIX
  RAMLS5                0000a800   00000800  00000400  00000400  RWIX
  RAMD1                 0000b800   00000800  00000000  00000800  RWIX
  RAMGS0                0000c000   00001000  00000000  00001000  RWIX
  RAMGS1                0000d000   00001000  00000000  00001000  RWIX
  RAMGS2                0000e000   00006000  00005285  00000d7b  RWIX
  RAMGS8                00014000   00001000  00000000  00001000  RWIX
  RAMGS9                00015000   00001000  00000822  000007de  RWIX
  RAMGS10               00016000   00004000  000015ee  00002a12  RWIX
  RAMGS14               0001a000   00001000  00000000  00001000  RWIX
  RAMGS15               0001b000   00001000  00000000  00001000  RWIX
  CPU2TOCPU1RAM         0003f800   00000400  00000000  00000400  RWIX
  CPU1TOCPU2RAM         0003fc00   00000400  00000000  00000400  RWIX
  EMIF1                 00047000   00000070  00000028  00000048  RWIX
  EMIF2                 00047800   00000070  00000028  00000048  RWIX
  CANA                  00048000   00000200  00000164  0000009c  RWIX
  CANB                  0004a000   00000200  00000164  0000009c  RWIX
  IPC                   00050000   00000024  00000024  00000000  RWIX
  FLASHPUMPSEMAPHORE    00050024   00000002  00000002  00000000  RWIX
  DEVCFG                0005d000   0000012e  0000012e  00000000  RWIX
  ANALOGSUBSYS          0005d180   00000048  0000003e  0000000a  RWIX
  CLKCFG                0005d200   00000032  00000032  00000000  RWIX
  CPUSYS                0005d300   00000082  00000082  00000000  RWIX
  ROMPREFETCH           0005e608   00000002  00000002  00000000  RWIX
  DCSMZ1                0005f000   00000024  00000022  00000002  RWIX
  DCSMZ2                0005f040   00000024  00000022  00000002  RWIX
  DCSMCOMMON            0005f070   00000008  00000006  00000002  RWIX
  MEMCFG                0005f400   00000080  00000076  0000000a  RWIX
  EMIF1CONFIG           0005f480   00000020  0000000a  00000016  RWIX
  EMIF2CONFIG           0005f4a0   00000020  0000000a  00000016  RWIX
  ACCESSPROTECTION      0005f4c0   00000040  0000002e  00000012  RWIX
  MEMORYERROR           0005f500   00000040  0000003a  00000006  RWIX
  ROMWAITSTATE          0005f540   00000002  00000002  00000000  RWIX
  FLASH0CTRL            0005f800   00000182  00000182  00000000  RWIX
  FLASH0ECC             0005fb00   00000028  00000028  00000000  RWIX


SECTION ALLOCATION MAP

 output                                  attributes/
section   page    origin      length       input sections
--------  ----  ----------  ----------   ----------------
codestart 
*          0    00000000    00000002     
                  00000000    00000002     F2837xD_CodeStartBranch.obj (codestart)

.cinit     0    00000122    000000b4     
                  00000122    00000026     rts2800_fpu32.lib : defs.c.obj (.cinit:__ftable)
                  00000148    00000023     empty_bitfield_driverlib_main.obj (.cinit)
                  0000016b    0000001b     rts2800_fpu32.lib : host_device.c.obj (.cinit:__device)
                  00000186    0000000f     device.obj (.cinit)
                  00000195    0000000e     rts2800_fpu32.lib : host_device.c.obj (.cinit:__stream)
                  000001a3    0000000e                       : exit.c.obj (.cinit)
                  000001b1    00000005                       : _lock.c.obj (.cinit:__lock)
                  000001b6    00000005                       : _lock.c.obj (.cinit:__unlock)
                  000001bb    00000005                       : rand.c.obj (.cinit)
                  000001c0    00000004                       : defs.c.obj (.cinit)
                  000001c4    00000004                       : errno.c.obj (.cinit)
                  000001c8    00000004                       : fopen.c.obj (.cinit)
                  000001cc    00000004                       : memory.c.obj (.cinit)
                  000001d0    00000004                       : open.c.obj (.cinit)
                  000001d4    00000002     --HOLE-- [fill = 0]

.TI.ramfunc 
*          0    000001d6    00000008     
                  000001d6    00000004     F2837xD_usDelay.obj (.TI.ramfunc)
                  000001da    00000004     driverlib_coff.lib : sysctl.obj (.TI.ramfunc)

.pinit     0    00000122    00000000     UNINITIALIZED

.reset     0    003fffc0    00000002     DSECT
                  003fffc0    00000002     rts2800_fpu32.lib : boot28.asm.obj (.reset)

.stack     1    00000400    00000100     UNINITIALIZED
                  00000400    00000100     --HOLE--

AdcaResultRegsFile 
*          1    00000b00    00000018     UNINITIALIZED
                  00000b00    00000018     F2837xD_GlobalVariableDefs.obj (AdcaResultRegsFile)

AdcbResultRegsFile 
*          1    00000b20    00000018     UNINITIALIZED
                  00000b20    00000018     F2837xD_GlobalVariableDefs.obj (AdcbResultRegsFile)

AdccResultRegsFile 
*          1    00000b40    00000018     UNINITIALIZED
                  00000b40    00000018     F2837xD_GlobalVariableDefs.obj (AdccResultRegsFile)

AdcdResultRegsFile 
*          1    00000b60    00000018     UNINITIALIZED
                  00000b60    00000018     F2837xD_GlobalVariableDefs.obj (AdcdResultRegsFile)

CpuTimer0RegsFile 
*          1    00000c00    00000008     UNINITIALIZED
                  00000c00    00000008     F2837xD_GlobalVariableDefs.obj (CpuTimer0RegsFile)

CpuTimer1RegsFile 
*          1    00000c08    00000008     UNINITIALIZED
                  00000c08    00000008     F2837xD_GlobalVariableDefs.obj (CpuTimer1RegsFile)

CpuTimer2RegsFile 
*          1    00000c10    00000008     UNINITIALIZED
                  00000c10    00000008     F2837xD_GlobalVariableDefs.obj (CpuTimer2RegsFile)

PieCtrlRegsFile 
*          1    00000ce0    0000001a     UNINITIALIZED
                  00000ce0    0000001a     F2837xD_GlobalVariableDefs.obj (PieCtrlRegsFile)

DmaRegsFile 
*          1    00001000    000000e0     UNINITIALIZED
                  00001000    000000e0     F2837xD_GlobalVariableDefs.obj (DmaRegsFile)

Cla1RegsFile 
*          1    00001400    0000003e     UNINITIALIZED
                  00001400    0000003e     F2837xD_GlobalVariableDefs.obj (Cla1RegsFile)

Clb1LogicCfgRegsFile 
*          1    00003000    0000003e     UNINITIALIZED
                  00003000    0000003e     F2837xD_GlobalVariableDefs.obj (Clb1LogicCfgRegsFile)

Clb1LogicCtrlRegsFile 
*          1    00003100    00000040     UNINITIALIZED
                  00003100    00000040     F2837xD_GlobalVariableDefs.obj (Clb1LogicCtrlRegsFile)

Clb1DataExchRegsFile 
*          1    00003200    00000108     UNINITIALIZED
                  00003200    00000108     F2837xD_GlobalVariableDefs.obj (Clb1DataExchRegsFile)

Clb2LogicCfgRegsFile 
*          1    00003400    0000003e     UNINITIALIZED
                  00003400    0000003e     F2837xD_GlobalVariableDefs.obj (Clb2LogicCfgRegsFile)

Clb2LogicCtrlRegsFile 
*          1    00003500    00000040     UNINITIALIZED
                  00003500    00000040     F2837xD_GlobalVariableDefs.obj (Clb2LogicCtrlRegsFile)

Clb2DataExchRegsFile 
*          1    00003600    00000108     UNINITIALIZED
                  00003600    00000108     F2837xD_GlobalVariableDefs.obj (Clb2DataExchRegsFile)

Clb3LogicCfgRegsFile 
*          1    00003800    0000003e     UNINITIALIZED
                  00003800    0000003e     F2837xD_GlobalVariableDefs.obj (Clb3LogicCfgRegsFile)

Clb3LogicCtrlRegsFile 
*          1    00003900    00000040     UNINITIALIZED
                  00003900    00000040     F2837xD_GlobalVariableDefs.obj (Clb3LogicCtrlRegsFile)

Clb3DataExchRegsFile 
*          1    00003a00    00000108     UNINITIALIZED
                  00003a00    00000108     F2837xD_GlobalVariableDefs.obj (Clb3DataExchRegsFile)

Clb4LogicCfgRegsFile 
*          1    00003c00    0000003e     UNINITIALIZED
                  00003c00    0000003e     F2837xD_GlobalVariableDefs.obj (Clb4LogicCfgRegsFile)

Clb4LogicCtrlRegsFile 
*          1    00003d00    00000040     UNINITIALIZED
                  00003d00    00000040     F2837xD_GlobalVariableDefs.obj (Clb4LogicCtrlRegsFile)

Clb4DataExchRegsFile 
*          1    00003e00    00000108     UNINITIALIZED
                  00003e00    00000108     F2837xD_GlobalVariableDefs.obj (Clb4DataExchRegsFile)

EPwm1RegsFile 
*          1    00004000    00000100     UNINITIALIZED
                  00004000    00000100     F2837xD_GlobalVariableDefs.obj (EPwm1RegsFile)

EPwm2RegsFile 
*          1    00004100    00000100     UNINITIALIZED
                  00004100    00000100     F2837xD_GlobalVariableDefs.obj (EPwm2RegsFile)

EPwm3RegsFile 
*          1    00004200    00000100     UNINITIALIZED
                  00004200    00000100     F2837xD_GlobalVariableDefs.obj (EPwm3RegsFile)

EPwm4RegsFile 
*          1    00004300    00000100     UNINITIALIZED
                  00004300    00000100     F2837xD_GlobalVariableDefs.obj (EPwm4RegsFile)

EPwm5RegsFile 
*          1    00004400    00000100     UNINITIALIZED
                  00004400    00000100     F2837xD_GlobalVariableDefs.obj (EPwm5RegsFile)

EPwm6RegsFile 
*          1    00004500    00000100     UNINITIALIZED
                  00004500    00000100     F2837xD_GlobalVariableDefs.obj (EPwm6RegsFile)

EPwm7RegsFile 
*          1    00004600    00000100     UNINITIALIZED
                  00004600    00000100     F2837xD_GlobalVariableDefs.obj (EPwm7RegsFile)

EPwm8RegsFile 
*          1    00004700    00000100     UNINITIALIZED
                  00004700    00000100     F2837xD_GlobalVariableDefs.obj (EPwm8RegsFile)

EPwm9RegsFile 
*          1    00004800    00000100     UNINITIALIZED
                  00004800    00000100     F2837xD_GlobalVariableDefs.obj (EPwm9RegsFile)

EPwm10RegsFile 
*          1    00004900    00000100     UNINITIALIZED
                  00004900    00000100     F2837xD_GlobalVariableDefs.obj (EPwm10RegsFile)

EPwm11RegsFile 
*          1    00004a00    00000100     UNINITIALIZED
                  00004a00    00000100     F2837xD_GlobalVariableDefs.obj (EPwm11RegsFile)

EPwm12RegsFile 
*          1    00004b00    00000100     UNINITIALIZED
                  00004b00    00000100     F2837xD_GlobalVariableDefs.obj (EPwm12RegsFile)

ECap1RegsFile 
*          1    00005000    0000001a     UNINITIALIZED
                  00005000    0000001a     F2837xD_GlobalVariableDefs.obj (ECap1RegsFile)

ECap2RegsFile 
*          1    00005020    0000001a     UNINITIALIZED
                  00005020    0000001a     F2837xD_GlobalVariableDefs.obj (ECap2RegsFile)

ECap3RegsFile 
*          1    00005040    0000001a     UNINITIALIZED
                  00005040    0000001a     F2837xD_GlobalVariableDefs.obj (ECap3RegsFile)

ECap4RegsFile 
*          1    00005060    0000001a     UNINITIALIZED
                  00005060    0000001a     F2837xD_GlobalVariableDefs.obj (ECap4RegsFile)

ECap5RegsFile 
*          1    00005080    0000001a     UNINITIALIZED
                  00005080    0000001a     F2837xD_GlobalVariableDefs.obj (ECap5RegsFile)

ECap6RegsFile 
*          1    000050a0    0000001a     UNINITIALIZED
                  000050a0    0000001a     F2837xD_GlobalVariableDefs.obj (ECap6RegsFile)

EQep1RegsFile 
*          1    00005100    00000022     UNINITIALIZED
                  00005100    00000022     F2837xD_GlobalVariableDefs.obj (EQep1RegsFile)

EQep2RegsFile 
*          1    00005140    00000022     UNINITIALIZED
                  00005140    00000022     F2837xD_GlobalVariableDefs.obj (EQep2RegsFile)

EQep3RegsFile 
*          1    00005180    00000022     UNINITIALIZED
                  00005180    00000022     F2837xD_GlobalVariableDefs.obj (EQep3RegsFile)

DacaRegsFile 
*          1    00005c00    00000007     UNINITIALIZED
                  00005c00    00000007     F2837xD_GlobalVariableDefs.obj (DacaRegsFile)

DacbRegsFile 
*          1    00005c10    00000007     UNINITIALIZED
                  00005c10    00000007     F2837xD_GlobalVariableDefs.obj (DacbRegsFile)

DaccRegsFile 
*          1    00005c20    00000007     UNINITIALIZED
                  00005c20    00000007     F2837xD_GlobalVariableDefs.obj (DaccRegsFile)

Cmpss1RegsFile 
*          1    00005c80    0000001b     UNINITIALIZED
                  00005c80    0000001b     F2837xD_GlobalVariableDefs.obj (Cmpss1RegsFile)

Cmpss2RegsFile 
*          1    00005ca0    0000001b     UNINITIALIZED
                  00005ca0    0000001b     F2837xD_GlobalVariableDefs.obj (Cmpss2RegsFile)

Cmpss3RegsFile 
*          1    00005cc0    0000001b     UNINITIALIZED
                  00005cc0    0000001b     F2837xD_GlobalVariableDefs.obj (Cmpss3RegsFile)

Cmpss4RegsFile 
*          1    00005ce0    0000001b     UNINITIALIZED
                  00005ce0    0000001b     F2837xD_GlobalVariableDefs.obj (Cmpss4RegsFile)

Cmpss5RegsFile 
*          1    00005d00    0000001b     UNINITIALIZED
                  00005d00    0000001b     F2837xD_GlobalVariableDefs.obj (Cmpss5RegsFile)

Cmpss6RegsFile 
*          1    00005d20    0000001b     UNINITIALIZED
                  00005d20    0000001b     F2837xD_GlobalVariableDefs.obj (Cmpss6RegsFile)

Cmpss7RegsFile 
*          1    00005d40    0000001b     UNINITIALIZED
                  00005d40    0000001b     F2837xD_GlobalVariableDefs.obj (Cmpss7RegsFile)

Cmpss8RegsFile 
*          1    00005d60    0000001b     UNINITIALIZED
                  00005d60    0000001b     F2837xD_GlobalVariableDefs.obj (Cmpss8RegsFile)

Sdfm1RegsFile 
*          1    00005e00    00000048     UNINITIALIZED
                  00005e00    00000048     F2837xD_GlobalVariableDefs.obj (Sdfm1RegsFile)

Sdfm2RegsFile 
*          1    00005e80    00000048     UNINITIALIZED
                  00005e80    00000048     F2837xD_GlobalVariableDefs.obj (Sdfm2RegsFile)

McbspaRegsFile 
*          1    00006000    00000024     UNINITIALIZED
                  00006000    00000024     F2837xD_GlobalVariableDefs.obj (McbspaRegsFile)

McbspbRegsFile 
*          1    00006040    00000024     UNINITIALIZED
                  00006040    00000024     F2837xD_GlobalVariableDefs.obj (McbspbRegsFile)

SpiaRegsFile 
*          1    00006100    00000010     UNINITIALIZED
                  00006100    00000010     F2837xD_GlobalVariableDefs.obj (SpiaRegsFile)

SpibRegsFile 
*          1    00006110    00000010     UNINITIALIZED
                  00006110    00000010     F2837xD_GlobalVariableDefs.obj (SpibRegsFile)

SpicRegsFile 
*          1    00006120    00000010     UNINITIALIZED
                  00006120    00000010     F2837xD_GlobalVariableDefs.obj (SpicRegsFile)

UppRegsFile 
*          1    00006200    00000048     UNINITIALIZED
                  00006200    00000048     F2837xD_GlobalVariableDefs.obj (UppRegsFile)

WdRegsFile 
*          1    00007000    0000002b     UNINITIALIZED
                  00007000    0000002b     F2837xD_GlobalVariableDefs.obj (WdRegsFile)

NmiIntruptRegsFile 
*          1    00007060    00000007     UNINITIALIZED
                  00007060    00000007     F2837xD_GlobalVariableDefs.obj (NmiIntruptRegsFile)

XintRegsFile 
*          1    00007070    0000000b     UNINITIALIZED
                  00007070    0000000b     F2837xD_GlobalVariableDefs.obj (XintRegsFile)

SciaRegsFile 
*          1    00007200    00000010     UNINITIALIZED
                  00007200    00000010     F2837xD_GlobalVariableDefs.obj (SciaRegsFile)

ScibRegsFile 
*          1    00007210    00000010     UNINITIALIZED
                  00007210    00000010     F2837xD_GlobalVariableDefs.obj (ScibRegsFile)

ScicRegsFile 
*          1    00007220    00000010     UNINITIALIZED
                  00007220    00000010     F2837xD_GlobalVariableDefs.obj (ScicRegsFile)

ScidRegsFile 
*          1    00007230    00000010     UNINITIALIZED
                  00007230    00000010     F2837xD_GlobalVariableDefs.obj (ScidRegsFile)

I2caRegsFile 
*          1    00007300    00000022     UNINITIALIZED
                  00007300    00000022     F2837xD_GlobalVariableDefs.obj (I2caRegsFile)

I2cbRegsFile 
*          1    00007340    00000022     UNINITIALIZED
                  00007340    00000022     F2837xD_GlobalVariableDefs.obj (I2cbRegsFile)

AdcaRegsFile 
*          1    00007400    0000007c     UNINITIALIZED
                  00007400    0000007c     F2837xD_GlobalVariableDefs.obj (AdcaRegsFile)

AdcbRegsFile 
*          1    00007480    0000007c     UNINITIALIZED
                  00007480    0000007c     F2837xD_GlobalVariableDefs.obj (AdcbRegsFile)

AdccRegsFile 
*          1    00007500    0000007c     UNINITIALIZED
                  00007500    0000007c     F2837xD_GlobalVariableDefs.obj (AdccRegsFile)

AdcdRegsFile 
*          1    00007580    0000007c     UNINITIALIZED
                  00007580    0000007c     F2837xD_GlobalVariableDefs.obj (AdcdRegsFile)

InputXbarRegsFile 
*          1    00007900    00000020     UNINITIALIZED
                  00007900    00000020     F2837xD_GlobalVariableDefs.obj (InputXbarRegsFile)

XbarRegsFile 
*          1    00007920    0000000e     UNINITIALIZED
                  00007920    0000000e     F2837xD_GlobalVariableDefs.obj (XbarRegsFile)

SyncSocRegsFile 
*          1    00007940    00000006     UNINITIALIZED
                  00007940    00000006     F2837xD_GlobalVariableDefs.obj (SyncSocRegsFile)

DmaClaSrcSelRegsFile 
*          1    00007980    0000001a     UNINITIALIZED
                  00007980    0000001a     F2837xD_GlobalVariableDefs.obj (DmaClaSrcSelRegsFile)

EPwmXbarRegsFile 
*          1    00007a00    00000040     UNINITIALIZED
                  00007a00    00000040     F2837xD_GlobalVariableDefs.obj (EPwmXbarRegsFile)

ClbXbarRegsFile 
*          1    00007a40    00000040     UNINITIALIZED
                  00007a40    00000040     F2837xD_GlobalVariableDefs.obj (ClbXbarRegsFile)

OutputXbarRegsFile 
*          1    00007a80    00000040     UNINITIALIZED
                  00007a80    00000040     F2837xD_GlobalVariableDefs.obj (OutputXbarRegsFile)

GpioCtrlRegsFile 
*          1    00007c00    00000180     UNINITIALIZED
                  00007c00    00000180     F2837xD_GlobalVariableDefs.obj (GpioCtrlRegsFile)

GpioDataRegsFile 
*          1    00007f00    00000030     UNINITIALIZED
                  00007f00    00000030     F2837xD_GlobalVariableDefs.obj (GpioDataRegsFile)

.esysmem   1    0000a800    00000400     UNINITIALIZED
                  0000a800    00000004     rts2800_fpu32.lib : memory.c.obj (.esysmem)
                  0000a804    000003fc     --HOLE--

.ebss      1    00015000    00000822     UNINITIALIZED
                  00015000    000001b2     empty_bitfield_driverlib_main.obj (.ebss)
                  000151b2    00000008     rts2800_fpu32.lib : hostopen.c.obj (.ebss:_parmbuf)
                  000151ba    00000006     device.obj (.ebss)
                  000151c0    000000a0     rts2800_fpu32.lib : defs.c.obj (.ebss:___TI_tmpnams)
                  00015260    00000006                       : exit.c.obj (.ebss)
                  00015266    00000004                       : memory.c.obj (.ebss)
                  0001526a    00000002                       : _lock.c.obj (.ebss:__lock)
                  0001526c    00000002                       : _lock.c.obj (.ebss:__unlock)
                  0001526e    00000002                       : rand.c.obj (.ebss)
                  00015270    00000001                       : defs.c.obj (.ebss)
                  00015271    00000001                       : errno.c.obj (.ebss)
                  00015272    00000001                       : fopen.c.obj (.ebss)
                  00015273    00000001                       : open.c.obj (.ebss)
                  00015274    0000000c     --HOLE--
                  00015280    00000078                       : defs.c.obj (.ebss:__ftable)
                  000152f8    00000008     --HOLE--
                  00015300    00000048                       : host_device.c.obj (.ebss:__device)
                  00015348    00000028                       : host_device.c.obj (.ebss:__stream)
                  00015370    00000010     --HOLE--
                  00015380    00000022     empty_bitfield_driverlib_main.obj (.ebss:_R1)
                  000153a2    0000001e     --HOLE--
                  000153c0    00000022     empty_bitfield_driverlib_main.obj (.ebss:_R2)
                  000153e2    0000001e     --HOLE--
                  00015400    00000022     empty_bitfield_driverlib_main.obj (.ebss:_R3)
                  00015422    0000001e     --HOLE--
                  00015440    00000022     empty_bitfield_driverlib_main.obj (.ebss:_R4)
                  00015462    0000001e     --HOLE--
                  00015480    00000022     empty_bitfield_driverlib_main.obj (.ebss:_R5)
                  000154a2    0000001e     --HOLE--
                  000154c0    00000022     empty_bitfield_driverlib_main.obj (.ebss:_R6)
                  000154e2    0000001e     --HOLE--
                  00015500    00000022     empty_bitfield_driverlib_main.obj (.ebss:_ZTrans)
                  00015522    0000001e     --HOLE--
                  00015540    00000022     empty_bitfield_driverlib_main.obj (.ebss:_aVal)
                  00015562    0000001e     --HOLE--
                  00015580    00000022     empty_bitfield_driverlib_main.obj (.ebss:_p0x)
                  000155a2    0000001e     --HOLE--
                  000155c0    00000022     empty_bitfield_driverlib_main.obj (.ebss:_p0y)
                  000155e2    0000001e     --HOLE--
                  00015600    00000022     empty_bitfield_driverlib_main.obj (.ebss:_p0z)
                  00015622    0000001e     --HOLE--
                  00015640    00000022     empty_bitfield_driverlib_main.obj (.ebss:_q0w)
                  00015662    0000001e     --HOLE--
                  00015680    00000022     empty_bitfield_driverlib_main.obj (.ebss:_q0x)
                  000156a2    0000001e     --HOLE--
                  000156c0    00000022     empty_bitfield_driverlib_main.obj (.ebss:_q0y)
                  000156e2    0000001e     --HOLE--
                  00015700    00000022     empty_bitfield_driverlib_main.obj (.ebss:_q0z)
                  00015722    0000001e     --HOLE--
                  00015740    00000022     empty_bitfield_driverlib_main.obj (.ebss:_result_X)
                  00015762    0000001e     --HOLE--
                  00015780    00000022     empty_bitfield_driverlib_main.obj (.ebss:_result_Y)
                  000157a2    0000001e     --HOLE--
                  000157c0    00000022     empty_bitfield_driverlib_main.obj (.ebss:_rsquared)
                  000157e2    0000001e     --HOLE--
                  00015800    00000022     empty_bitfield_driverlib_main.obj (.ebss:_tempReg)

.econst    1    00016000    000015ee     
                  00016000    00000bb6     bi_gen.obj (.econst:.string)
                  00016bb6    00000253     bi_const_runtime.obj (.econst:.string)
                  00016e09    00000001     --HOLE-- [fill = 0]
                  00016e0a    000001e5     empty_bitfield_driverlib_main.obj (.econst:.string)
                  00016fef    00000101     rts2800_fpu32.lib : ctype.c.obj (.econst:.string:__ctypes_)
                  000170f0    000000c2     driverlib_coff.lib : sysctl.obj (.econst:.string)
                  000171b2    000000bc                        : gpio.obj (.econst:.string)
                  0001726e    00000039     param.obj (.econst:.string)
                  000172a7    00000001     --HOLE-- [fill = 0]
                  000172a8    00000031     performance.obj (.econst:.string)
                  000172d9    00000001     --HOLE-- [fill = 0]
                  000172da    00000026     rts2800_fpu32.lib : _printfi.c.obj (.econst:.string)
                  00017300    00000022     param.obj (.econst:_SECP521R1_A)
                  00017322    00000022     param.obj (.econst:_SECP521R1_B)
                  00017344    00000022     param.obj (.econst:_SECP521R1_BASE_X)
                  00017366    00000022     param.obj (.econst:_SECP521R1_BASE_Y)
                  00017388    00000022     param.obj (.econst:_SECP521R1_ORDER_N)
                  000173aa    00000022     param.obj (.econst:_SECP521R1_PRIME)
                  000173cc    0000001e     param.obj (.econst)
                  000173ea    0000001c     rts2800_fpu32.lib : _printfi.c.obj (.econst)
                  00017406    0000001c                       : s_scalbn.c.obj (.econst)
                  00017422    00000018     param.obj (.econst:_SECP384R1_A)
                  0001743a    00000018     param.obj (.econst:_SECP384R1_B)
                  00017452    00000018     param.obj (.econst:_SECP384R1_BASE_X)
                  0001746a    00000018     param.obj (.econst:_SECP384R1_BASE_Y)
                  00017482    00000018     param.obj (.econst:_SECP384R1_ORDER_N)
                  0001749a    00000018     param.obj (.econst:_SECP384R1_PRIME)
                  000174b2    00000013     device.obj (.econst:.string)
                  000174c5    00000010     bi_gen.obj (.econst:.string:_$P$T0$1)
                  000174d5    00000010     io_gen.obj (.econst:.string:_hex_lookup)
                  000174e5    00000001     --HOLE-- [fill = 0]
                  000174e6    00000010     param.obj (.econst:_SECP256R1_A)
                  000174f6    00000010     param.obj (.econst:_SECP256R1_B)
                  00017506    00000010     param.obj (.econst:_SECP256R1_BASE_X)
                  00017516    00000010     param.obj (.econst:_SECP256R1_BASE_Y)
                  00017526    00000010     param.obj (.econst:_SECP256R1_ORDER_N)
                  00017536    00000010     param.obj (.econst:_SECP256R1_PRIME)
                  00017546    0000000e     param.obj (.econst:_SECP224R1_A)
                  00017554    0000000e     param.obj (.econst:_SECP224R1_B)
                  00017562    0000000e     param.obj (.econst:_SECP224R1_BASE_X)
                  00017570    0000000e     param.obj (.econst:_SECP224R1_BASE_Y)
                  0001757e    0000000e     param.obj (.econst:_SECP224R1_ORDER_N)
                  0001758c    0000000e     param.obj (.econst:_SECP224R1_PRIME)
                  0001759a    0000000c     param.obj (.econst:_SECP192R1_A)
                  000175a6    0000000c     param.obj (.econst:_SECP192R1_B)
                  000175b2    0000000c     param.obj (.econst:_SECP192R1_BASE_X)
                  000175be    0000000c     param.obj (.econst:_SECP192R1_BASE_Y)
                  000175ca    0000000c     param.obj (.econst:_SECP192R1_ORDER_N)
                  000175d6    0000000c     param.obj (.econst:_SECP192R1_PRIME)
                  000175e2    00000008     rts2800_fpu32.lib : s_frexp.c.obj (.econst)
                  000175ea    00000002                       : fputs.c.obj (.econst:.string)
                  000175ec    00000002                       : clock.c.obj (.econst)

GETBUFFER 
*          0    0003f800    00000000     DSECT

GETWRITEIDX 
*          0    0003f800    00000000     DSECT

PUTREADIDX 
*          0    0003f800    00000000     DSECT

PieVectTableFile 
*          1    00000d00    000001c0     UNINITIALIZED
                  00000d00    000001c0     F2837xD_GlobalVariableDefs.obj (PieVectTableFile)

EmuKeyVar 
*          1    00000d00    00000000     UNINITIALIZED

EmuBModeVar 
*          1    00000d00    00000000     UNINITIALIZED

EmuBootPinsVar 
*          1    00000d00    00000000     UNINITIALIZED

FlashCallbackVar 
*          1    00000d00    00000000     UNINITIALIZED

FlashScalingVar 
*          1    00000d00    00000000     UNINITIALIZED

Emif1RegsFile 
*          1    00047000    00000028     UNINITIALIZED
                  00047000    00000028     F2837xD_GlobalVariableDefs.obj (Emif1RegsFile)

Emif2RegsFile 
*          1    00047800    00000028     UNINITIALIZED
                  00047800    00000028     F2837xD_GlobalVariableDefs.obj (Emif2RegsFile)

CanaRegsFile 
*          1    00048000    00000164     UNINITIALIZED
                  00048000    00000164     F2837xD_GlobalVariableDefs.obj (CanaRegsFile)

CanbRegsFile 
*          1    0004a000    00000164     UNINITIALIZED
                  0004a000    00000164     F2837xD_GlobalVariableDefs.obj (CanbRegsFile)

IpcRegsFile 
*          1    00050000    00000024     UNINITIALIZED
                  00050000    00000024     F2837xD_GlobalVariableDefs.obj (IpcRegsFile)

FlashPumpSemaphoreRegsFile 
*          1    00050024    00000002     UNINITIALIZED
                  00050024    00000002     F2837xD_GlobalVariableDefs.obj (FlashPumpSemaphoreRegsFile)

DevCfgRegsFile 
*          1    0005d000    0000012e     UNINITIALIZED
                  0005d000    0000012e     F2837xD_GlobalVariableDefs.obj (DevCfgRegsFile)

AnalogSubsysRegsFile 
*          1    0005d180    0000003e     UNINITIALIZED
                  0005d180    0000003e     F2837xD_GlobalVariableDefs.obj (AnalogSubsysRegsFile)

ClkCfgRegsFile 
*          1    0005d200    00000032     UNINITIALIZED
                  0005d200    00000032     F2837xD_GlobalVariableDefs.obj (ClkCfgRegsFile)

CpuSysRegsFile 
*          1    0005d300    00000082     UNINITIALIZED
                  0005d300    00000082     F2837xD_GlobalVariableDefs.obj (CpuSysRegsFile)

DcsmZ1RegsFile 
*          1    0005f000    00000022     UNINITIALIZED
                  0005f000    00000022     F2837xD_GlobalVariableDefs.obj (DcsmZ1RegsFile)

DcsmZ2RegsFile 
*          1    0005f040    00000022     UNINITIALIZED
                  0005f040    00000022     F2837xD_GlobalVariableDefs.obj (DcsmZ2RegsFile)

DcsmCommonRegsFile 
*          1    0005f070    00000006     UNINITIALIZED
                  0005f070    00000006     F2837xD_GlobalVariableDefs.obj (DcsmCommonRegsFile)

MemCfgRegsFile 
*          1    0005f400    00000076     UNINITIALIZED
                  0005f400    00000076     F2837xD_GlobalVariableDefs.obj (MemCfgRegsFile)

Emif1ConfigRegsFile 
*          1    0005f480    0000000a     UNINITIALIZED
                  0005f480    0000000a     F2837xD_GlobalVariableDefs.obj (Emif1ConfigRegsFile)

Emif2ConfigRegsFile 
*          1    0005f4a0    0000000a     UNINITIALIZED
                  0005f4a0    0000000a     F2837xD_GlobalVariableDefs.obj (Emif2ConfigRegsFile)

AccessProtectionRegsFile 
*          1    0005f4c0    0000002e     UNINITIALIZED
                  0005f4c0    0000002e     F2837xD_GlobalVariableDefs.obj (AccessProtectionRegsFile)

MemoryErrorRegsFile 
*          1    0005f500    0000003a     UNINITIALIZED
                  0005f500    0000003a     F2837xD_GlobalVariableDefs.obj (MemoryErrorRegsFile)

Flash0CtrlRegsFile 
*          1    0005f800    00000182     UNINITIALIZED
                  0005f800    00000182     F2837xD_GlobalVariableDefs.obj (Flash0CtrlRegsFile)

Flash0EccRegsFile 
*          1    0005fb00    00000028     UNINITIALIZED
                  0005fb00    00000028     F2837xD_GlobalVariableDefs.obj (Flash0EccRegsFile)

RomPrefetchRegsFile 
*          1    0005e608    00000002     UNINITIALIZED
                  0005e608    00000002     F2837xD_GlobalVariableDefs.obj (RomPrefetchRegsFile)

RomWaitStateRegsFile 
*          1    0005f540    00000002     UNINITIALIZED
                  0005f540    00000002     F2837xD_GlobalVariableDefs.obj (RomWaitStateRegsFile)

.cio       1    00000500    00000120     UNINITIALIZED
                  00000500    00000120     rts2800_fpu32.lib : trgmsg.c.obj (.cio)

.text      1    0000e000    00005285     
                  0000e000    000006e1     bi_gen.obj (.text)
                  0000e6e1    00000001     rts2800_fpu32.lib : startup.c.obj (.text)
                  0000e6e2    000006d0                       : _printfi.c.obj (.text)
                  0000edb2    0000063d     eccp_protected.obj (.text)
                  0000f3ef    000005f5     rts2800_fpu32.lib : _printfi.c.obj (.text:__TI_printfi)
                  0000f9e4    00000585     F2837xD_DefaultISR.obj (.text:retain)
                  0000ff69    000004c5     empty_bitfield_driverlib_main.obj (.text)
                  0001042e    00000486     gfp_mont.obj (.text)
                  000108b4    000003fc     device.obj (.text)
                  00010cb0    00000399     param.obj (.text)
                  00011049    00000306     eccp_affine.obj (.text)
                  0001134f    0000028c     rts2800_fpu32.lib : memory.c.obj (.text)
                  000115db    00000287     gfp_gen.obj (.text)
                  00011862    00000251     gfp_const_runtime.obj (.text)
                  00011ab3    00000206     driverlib_coff.lib : sysctl.obj (.text:_SysCtl_setClock)
                  00011cb9    0000012d     io_gen.obj (.text)
                  00011de6    00000121     rts2800_fpu32.lib : fopen.c.obj (.text)
                  00011f07    0000010f     bi_const_runtime.obj (.text)
                  00012016    00000107     rts2800_fpu32.lib : ll_div28.asm.obj (.text)
                  0001211d    000000a9                       : s_scalbn.c.obj (.text)
                  000121c6    000000a8                       : fputs.c.obj (.text)
                  0001226e    0000009c                       : fd_add28.asm.obj (.text)
                  0001230a    00000095                       : trgmsg.c.obj (.text)
                  0001239f    0000008b                       : fd_div28.asm.obj (.text)
                  0001242a    0000008a     driverlib_coff.lib : sysctl.obj (.text:_SysCtl_selectXTAL)
                  000124b4    00000088     rts2800_fpu32.lib : fs_div28.asm.obj (.text)
                  0001253c    00000083                       : fd_mpy28.asm.obj (.text)
                  000125bf    0000007c                       : setvbuf.c.obj (.text)
                  0001263b    00000073                       : fflush.c.obj (.text)
                  000126ae    00000071                       : open.c.obj (.text)
                  0001271f    00000068     driverlib_coff.lib : sysctl.obj (.text:_SysCtl_getDeviceParametric)
                  00012787    00000065     rts2800_fpu32.lib : _io_perm.c.obj (.text)
                  000127ec    0000005d                       : fclose.c.obj (.text)
                  00012849    0000005b                       : hostlseek.c.obj (.text)
                  000128a4    0000005a                       : s_frexp.c.obj (.text)
                  000128fe    00000056                       : boot28.asm.obj (.text)
                  00012954    00000053                       : fputc.c.obj (.text)
                  000129a7    00000052                       : _bufread.c.obj (.text)
                  000129f9    00000051     driverlib_coff.lib : sysctl.obj (.text:_SysCtl_getClock)
                  00012a4a    00000051     rand.obj (.text)
                  00012a9b    00000051     rts2800_fpu32.lib : getdevice.c.obj (.text)
                  00012aec    00000050                       : fgetc.c.obj (.text)
                  00012b3c    00000048     driverlib_coff.lib : sysctl.obj (.text:_SysCtl_selectOscSource)
                  00012b84    0000003e     rts2800_fpu32.lib : hostrename.c.obj (.text)
                  00012bc2    0000003d                       : fseek.c.obj (.text)
                  00012bff    00000038                       : hostopen.c.obj (.text)
                  00012c37    00000037     driverlib_coff.lib : gpio.obj (.text:_GPIO_setControllerCore)
                  00012c6e    00000037                        : gpio.obj (.text:_GPIO_setPinConfig)
                  00012ca5    00000037                        : gpio.obj (.text:_GPIO_setQualificationMode)
                  00012cdc    00000037     rts2800_fpu32.lib : hostwrite.c.obj (.text)
                  00012d13    00000036                       : hostread.c.obj (.text)
                  00012d49    00000034                       : printf.c.obj (.text)
                  00012d7d    00000033                       : close.c.obj (.text)
                  00012db0    00000031     driverlib_coff.lib : gpio.obj (.text:_GPIO_setDirectionMode)
                  00012de1    00000031     rts2800_fpu32.lib : atoi.c.obj (.text)
                  00012e12    00000030                       : _ltoa.c.obj (.text)
                  00012e42    0000002b                       : rand.c.obj (.text)
                  00012e6d    0000002a                       : fd_cmp28.asm.obj (.text)
                  00012e97    0000002a                       : l_div28.asm.obj (.text)
                  00012ec1    00000029                       : exit.c.obj (.text)
                  00012eea    00000027                       : hostclose.c.obj (.text)
                  00012f11    00000024                       : cpy_tbl.c.obj (.text)
                  00012f35    00000024                       : hostunlink.c.obj (.text)
                  00012f59    00000024                       : s_copysign.c.obj (.text)
                  00012f7d    00000021     driverlib_coff.lib : sysctl.obj (.text:_CPUTimer_selectClockSource)
                  00012f9e    00000021     rts2800_fpu32.lib : fd_toi28.asm.obj (.text)
                  00012fbf    0000001f     driverlib_coff.lib : sysctl.obj (.text:_CPUTimer_getTimerOverflowStatus)
                  00012fde    0000001f     rts2800_fpu32.lib : fd_tol28.asm.obj (.text)
                  00012ffd    0000001e                       : ll_cmp28.asm.obj (.text)
                  0001301b    0000001d                       : i_tofd28.asm.obj (.text)
                  00013038    0000001d                       : memcpy.c.obj (.text)
                  00013055    0000001c                       : fs_tofdfpu32.asm.obj (.text)
                  00013071    0000001c                       : l_tofd28.asm.obj (.text)
                  0001308d    0000001a     driverlib_coff.lib : sysctl.obj (.text:_CPUTimer_startTimer)
                  000130a7    0000001a                        : sysctl.obj (.text:_SysCtl_getLowSpeedClock)
                  000130c1    00000019     rts2800_fpu32.lib : read.c.obj (.text)
                  000130da    00000019                       : unlink.c.obj (.text)
                  000130f3    00000019                       : write.c.obj (.text)
                  0001310c    00000018                       : ll_aox28.asm.obj (.text)
                  00013124    00000018                       : lseek.c.obj (.text)
                  0001313c    00000017     driverlib_coff.lib : sysctl.obj (.text:_CPUTimer_isBaseValid)
                  00013153    00000015     rts2800_fpu32.lib : strncpy.c.obj (.text)
                  00013168    00000014     driverlib_coff.lib : sysctl.obj (.text:_CPUTimer_stopTimer)
                  0001317c    00000012                        : sysctl.obj (.text:_CPUTimer_clearOverflowFlag)
                  0001318e    00000012                        : sysctl.obj (.text:_CPUTimer_disableInterrupt)
                  000131a0    00000012     rts2800_fpu32.lib : args_main.c.obj (.text)
                  000131b2    00000011     driverlib_coff.lib : sysctl.obj (.text:_CPUTimer_setPeriod)
                  000131c3    00000010     rts2800_fpu32.lib : memccpy.c.obj (.text)
                  000131d3    0000000f     driverlib_coff.lib : sysctl.obj (.text:_SysCtl_pollCpuTimer)
                  000131e2    0000000e                        : gpio.obj (.text:_GPIO_isPinValid)
                  000131f0    0000000e     rts2800_fpu32.lib : fd_sub28.asm.obj (.text)
                  000131fe    0000000d                       : assert.c.obj (.text)
                  0001320b    0000000d                       : memchr.c.obj (.text)
                  00013218    0000000c                       : strchr.c.obj (.text)
                  00013224    0000000b     driverlib_coff.lib : sysctl.obj (.text:_SysCtl_isMCDClockFailureDetected)
                  0001322f    0000000a     rts2800_fpu32.lib : strcmp.c.obj (.text)
                  00013239    00000009     driverlib_coff.lib : sysctl.obj (.text:_SysCtl_serviceWatchdog)
                  00013242    00000009     rts2800_fpu32.lib : _lock.c.obj (.text)
                  0001324b    00000009                       : fd_neg28.asm.obj (.text)
                  00013254    00000009                       : wcslen.c.obj (.text)
                  0001325d    00000008     F2837xD_CodeStartBranch.obj (.text)
                  00013265    00000008     rts2800_fpu32.lib : strlen.c.obj (.text)
                  0001326d    00000007     driverlib_coff.lib : sysctl.obj (.text:_SysCtl_resetMCD)
                  00013274    00000007     rts2800_fpu32.lib : memset.c.obj (.text)
                  0001327b    00000005                       : strcpy.c.obj (.text)
                  00013280    00000003                       : remove.c.obj (.text)
                  00013283    00000002                       : pre_init.c.obj (.text)

MODULE SUMMARY

       Module                              code    initialized data   uninitialized data
       ------                              ----    ----------------   ------------------
    .\
       F2837xD_GlobalVariableDefs.obj      0       0                  9854              
       empty_bitfield_driverlib_main.obj   1221    520                1080              
       F2837xD_DefaultISR.obj              1413    0                  0                 
       F2837xD_CodeStartBranch.obj         10      0                  0                 
       F2837xD_usDelay.obj                 4       0                  0                 
    +--+-----------------------------------+-------+------------------+--------------------+
       Total:                              2648    520                10934             
                                                                                        
    .\device\
       device.obj                          1020    34                 6                 
    +--+-----------------------------------+-------+------------------+--------------------+
       Total:                              1020    34                 6                 
                                                                                        
    .\flecc_modified\src\bi\
       bi_gen.obj                          1761    3014               0                 
       bi_const_runtime.obj                271     595                0                 
    +--+-----------------------------------+-------+------------------+--------------------+
       Total:                              2032    3609               0                 
                                                                                        
    .\flecc_modified\src\eccp\
       eccp_protected.obj                  1597    0                  0                 
       eccp_affine.obj                     774     0                  0                 
    +--+-----------------------------------+-------+------------------+--------------------+
       Total:                              2371    0                  0                 
                                                                                        
    .\flecc_modified\src\gfp\
       gfp_mont.obj                        1158    0                  0                 
       gfp_gen.obj                         647     0                  0                 
       gfp_const_runtime.obj               593     0                  0                 
    +--+-----------------------------------+-------+------------------+--------------------+
       Total:                              2398    0                  0                 
                                                                                        
    .\flecc_modified\src\io\
       io_gen.obj                          301     16                 0                 
    +--+-----------------------------------+-------+------------------+--------------------+
       Total:                              301     16                 0                 
                                                                                        
    .\flecc_modified\src\utils\
       param.obj                           921     687                0                 
       rand.obj                            81      0                  0                 
       performance.obj                     0       49                 0                 
    +--+-----------------------------------+-------+------------------+--------------------+
       Total:                              1002    736                0                 
                                                                                        
    C:\ti\C2000Ware_5_00_00_00\driverlib\f2837xd\driverlib\ccs\Debug\driverlib_coff.lib
       sysctl.obj                          1171    194                0                 
       gpio.obj                            228     188                0                 
    +--+-----------------------------------+-------+------------------+--------------------+
       Total:                              1399    382                0                 
                                                                                        
    C:\ti\ccs1120\ccs\tools\compiler\ti-cgt-c2000_22.6.1.LTS\lib\rts2800_fpu32.lib
       _printfi.c.obj                      3269    66                 0                 
       memory.c.obj                        652     4                  4                 
       trgmsg.c.obj                        149     0                  288               
       defs.c.obj                          0       42                 281               
       fopen.c.obj                         289     4                  1                 
       ll_div28.asm.obj                    263     0                  0                 
       ctype.c.obj                         0       257                0                 
       s_scalbn.c.obj                      169     28                 0                 
       fputs.c.obj                         168     2                  0                 
       fd_add28.asm.obj                    156     0                  0                 
       host_device.c.obj                   0       41                 112               
       fd_div28.asm.obj                    139     0                  0                 
       fs_div28.asm.obj                    136     0                  0                 
       fd_mpy28.asm.obj                    131     0                  0                 
       setvbuf.c.obj                       124     0                  0                 
       open.c.obj                          113     4                  1                 
       fflush.c.obj                        115     0                  0                 
       _io_perm.c.obj                      101     0                  0                 
       s_frexp.c.obj                       90      8                  0                 
       fclose.c.obj                        93      0                  0                 
       hostlseek.c.obj                     91      0                  0                 
       boot28.asm.obj                      86      0                  0                 
       fputc.c.obj                         83      0                  0                 
       _bufread.c.obj                      82      0                  0                 
       getdevice.c.obj                     81      0                  0                 
       fgetc.c.obj                         80      0                  0                 
       hostopen.c.obj                      56      0                  8                 
       hostrename.c.obj                    62      0                  0                 
       exit.c.obj                          41      14                 6                 
       fseek.c.obj                         61      0                  0                 
       hostwrite.c.obj                     55      0                  0                 
       hostread.c.obj                      54      0                  0                 
       printf.c.obj                        52      0                  0                 
       close.c.obj                         51      0                  0                 
       rand.c.obj                          43      5                  2                 
       atoi.c.obj                          49      0                  0                 
       _ltoa.c.obj                         48      0                  0                 
       fd_cmp28.asm.obj                    42      0                  0                 
       l_div28.asm.obj                     42      0                  0                 
       hostclose.c.obj                     39      0                  0                 
       cpy_tbl.c.obj                       36      0                  0                 
       hostunlink.c.obj                    36      0                  0                 
       s_copysign.c.obj                    36      0                  0                 
       fd_toi28.asm.obj                    33      0                  0                 
       fd_tol28.asm.obj                    31      0                  0                 
       ll_cmp28.asm.obj                    30      0                  0                 
       i_tofd28.asm.obj                    29      0                  0                 
       memcpy.c.obj                        29      0                  0                 
       fs_tofdfpu32.asm.obj                28      0                  0                 
       l_tofd28.asm.obj                    28      0                  0                 
       read.c.obj                          25      0                  0                 
       unlink.c.obj                        25      0                  0                 
       write.c.obj                         25      0                  0                 
       ll_aox28.asm.obj                    24      0                  0                 
       lseek.c.obj                         24      0                  0                 
       _lock.c.obj                         9       10                 4                 
       strncpy.c.obj                       21      0                  0                 
       args_main.c.obj                     18      0                  0                 
       memccpy.c.obj                       16      0                  0                 
       fd_sub28.asm.obj                    14      0                  0                 
       assert.c.obj                        13      0                  0                 
       memchr.c.obj                        13      0                  0                 
       strchr.c.obj                        12      0                  0                 
       strcmp.c.obj                        10      0                  0                 
       fd_neg28.asm.obj                    9       0                  0                 
       wcslen.c.obj                        9       0                  0                 
       strlen.c.obj                        8       0                  0                 
       memset.c.obj                        7       0                  0                 
       errno.c.obj                         0       4                  1                 
       strcpy.c.obj                        5       0                  0                 
       remove.c.obj                        3       0                  0                 
       clock.c.obj                         0       2                  0                 
       pre_init.c.obj                      2       0                  0                 
       startup.c.obj                       1       0                  0                 
    +--+-----------------------------------+-------+------------------+--------------------+
       Total:                              7964    491                708               
                                                                                        
       Heap:                               0       0                  1024              
       Stack:                              0       0                  256               
    +--+-----------------------------------+-------+------------------+--------------------+
       Grand Total:                        21135   5788               12928             


GLOBAL DATA SYMBOLS: SORTED BY DATA PAGE

address     data page           name
--------    ----------------    ----
00000400      10 (00000400)     __stack

00000500      14 (00000500)     __CIOBUF_

00000b00      2c (00000b00)     _AdcaResultRegs
00000b20      2c (00000b00)     _AdcbResultRegs

00000b40      2d (00000b40)     _AdccResultRegs
00000b60      2d (00000b40)     _AdcdResultRegs

00000c00      30 (00000c00)     _CpuTimer0Regs
00000c08      30 (00000c00)     _CpuTimer1Regs
00000c10      30 (00000c00)     _CpuTimer2Regs

00000ce0      33 (00000cc0)     _PieCtrlRegs

00000d00      34 (00000d00)     _PieVectTable

00001000      40 (00001000)     _DmaRegs

00001400      50 (00001400)     _Cla1Regs

00003000      c0 (00003000)     _Clb1LogicCfgRegs

00003100      c4 (00003100)     _Clb1LogicCtrlRegs

00003200      c8 (00003200)     _Clb1DataExchRegs

00003400      d0 (00003400)     _Clb2LogicCfgRegs

00003500      d4 (00003500)     _Clb2LogicCtrlRegs

00003600      d8 (00003600)     _Clb2DataExchRegs

00003800      e0 (00003800)     _Clb3LogicCfgRegs

00003900      e4 (00003900)     _Clb3LogicCtrlRegs

00003a00      e8 (00003a00)     _Clb3DataExchRegs

00003c00      f0 (00003c00)     _Clb4LogicCfgRegs

00003d00      f4 (00003d00)     _Clb4LogicCtrlRegs

00003e00      f8 (00003e00)     _Clb4DataExchRegs

00004000     100 (00004000)     _EPwm1Regs

00004100     104 (00004100)     _EPwm2Regs

00004200     108 (00004200)     _EPwm3Regs

00004300     10c (00004300)     _EPwm4Regs

00004400     110 (00004400)     _EPwm5Regs

00004500     114 (00004500)     _EPwm6Regs

00004600     118 (00004600)     _EPwm7Regs

00004700     11c (00004700)     _EPwm8Regs

00004800     120 (00004800)     _EPwm9Regs

00004900     124 (00004900)     _EPwm10Regs

00004a00     128 (00004a00)     _EPwm11Regs

00004b00     12c (00004b00)     _EPwm12Regs

00005000     140 (00005000)     _ECap1Regs
00005020     140 (00005000)     _ECap2Regs

00005040     141 (00005040)     _ECap3Regs
00005060     141 (00005040)     _ECap4Regs

00005080     142 (00005080)     _ECap5Regs
000050a0     142 (00005080)     _ECap6Regs

00005100     144 (00005100)     _EQep1Regs

00005140     145 (00005140)     _EQep2Regs

00005180     146 (00005180)     _EQep3Regs

00005c00     170 (00005c00)     _DacaRegs
00005c10     170 (00005c00)     _DacbRegs
00005c20     170 (00005c00)     _DaccRegs

00005c80     172 (00005c80)     _Cmpss1Regs
00005ca0     172 (00005c80)     _Cmpss2Regs

00005cc0     173 (00005cc0)     _Cmpss3Regs
00005ce0     173 (00005cc0)     _Cmpss4Regs

00005d00     174 (00005d00)     _Cmpss5Regs
00005d20     174 (00005d00)     _Cmpss6Regs

00005d40     175 (00005d40)     _Cmpss7Regs
00005d60     175 (00005d40)     _Cmpss8Regs

00005e00     178 (00005e00)     _Sdfm1Regs

00005e80     17a (00005e80)     _Sdfm2Regs

00006000     180 (00006000)     _McbspaRegs

00006040     181 (00006040)     _McbspbRegs

00006100     184 (00006100)     _SpiaRegs
00006110     184 (00006100)     _SpibRegs
00006120     184 (00006100)     _SpicRegs

00006200     188 (00006200)     _UppRegs

00007000     1c0 (00007000)     _WdRegs

00007060     1c1 (00007040)     _NmiIntruptRegs
00007070     1c1 (00007040)     _XintRegs

00007200     1c8 (00007200)     _SciaRegs
00007210     1c8 (00007200)     _ScibRegs
00007220     1c8 (00007200)     _ScicRegs
00007230     1c8 (00007200)     _ScidRegs

00007300     1cc (00007300)     _I2caRegs

00007340     1cd (00007340)     _I2cbRegs

00007400     1d0 (00007400)     _AdcaRegs

00007480     1d2 (00007480)     _AdcbRegs

00007500     1d4 (00007500)     _AdccRegs

00007580     1d6 (00007580)     _AdcdRegs

00007900     1e4 (00007900)     _InputXbarRegs
00007920     1e4 (00007900)     _XbarRegs

00007940     1e5 (00007940)     _SyncSocRegs

00007980     1e6 (00007980)     _DmaClaSrcSelRegs

00007a00     1e8 (00007a00)     _EPwmXbarRegs

00007a40     1e9 (00007a40)     _ClbXbarRegs

00007a80     1ea (00007a80)     _OutputXbarRegs

00007c00     1f0 (00007c00)     _GpioCtrlRegs

00007f00     1fc (00007f00)     _GpioDataRegs

0000a800     2a0 (0000a800)     __sys_memory

00015000     540 (00015000)     _curveTypeStr
00015002     540 (00015000)     _RSquared
00015004     540 (00015000)     _q0xStr
00015006     540 (00015000)     _q0yStr
00015008     540 (00015000)     _q0zStr
0001500a     540 (00015000)     _q0wStr
0001500c     540 (00015000)     _kBSrc
0001500e     540 (00015000)     _primeNumber
00015010     540 (00015000)     _primeWords

00015040     541 (00015040)     _curveParameters

000151b2     546 (00015180)     _parmbuf
000151ba     546 (00015180)     _Example_Result
000151bc     546 (00015180)     _Example_PassCount
000151be     546 (00015180)     _Example_Fail

000151c0     547 (000151c0)     ___TI_tmpnams

00015260     549 (00015240)     ___TI_enable_exit_profile_output
00015262     549 (00015240)     ___TI_cleanup_ptr
00015264     549 (00015240)     ___TI_dtors_ptr
0001526a     549 (00015240)     __lock
0001526c     549 (00015240)     __unlock
00015270     549 (00015240)     ___TI_ft_end
00015271     549 (00015240)     _errno

00015280     54a (00015280)     __ftable

00015300     54c (00015300)     __device

00015348     54d (00015340)     __stream

00015380     54e (00015380)     _R1

000153c0     54f (000153c0)     _R2

00015400     550 (00015400)     _R3

00015440     551 (00015440)     _R4

00015480     552 (00015480)     _R5

000154c0     553 (000154c0)     _R6

00015500     554 (00015500)     _ZTrans

00015540     555 (00015540)     _aVal

00015580     556 (00015580)     _p0x

000155c0     557 (000155c0)     _p0y

00015600     558 (00015600)     _p0z

00015640     559 (00015640)     _q0w

00015680     55a (00015680)     _q0x

000156c0     55b (000156c0)     _q0y

00015700     55c (00015700)     _q0z

00015740     55d (00015740)     _result_X

00015780     55e (00015780)     _result_Y

000157c0     55f (000157c0)     _rsquared

00015800     560 (00015800)     _tempReg

00016fef     5bf (00016fc0)     __ctypes_

00017300     5cc (00017300)     _SECP521R1_A
00017322     5cc (00017300)     _SECP521R1_B

00017344     5cd (00017340)     _SECP521R1_BASE_X
00017366     5cd (00017340)     _SECP521R1_BASE_Y

00017388     5ce (00017380)     _SECP521R1_ORDER_N
000173aa     5ce (00017380)     _SECP521R1_PRIME

000173cc     5cf (000173c0)     _SECP192R1_COFACTOR
000173ce     5cf (000173c0)     _SECP192R1_ORDER_N_BITS
000173d0     5cf (000173c0)     _SECP192R1_PRIME_BITS
000173d2     5cf (000173c0)     _SECP224R1_COFACTOR
000173d4     5cf (000173c0)     _SECP224R1_ORDER_N_BITS
000173d6     5cf (000173c0)     _SECP224R1_PRIME_BITS
000173d8     5cf (000173c0)     _SECP256R1_COFACTOR
000173da     5cf (000173c0)     _SECP256R1_ORDER_N_BITS
000173dc     5cf (000173c0)     _SECP256R1_PRIME_BITS
000173de     5cf (000173c0)     _SECP384R1_COFACTOR
000173e0     5cf (000173c0)     _SECP384R1_ORDER_N_BITS
000173e2     5cf (000173c0)     _SECP384R1_PRIME_BITS
000173e4     5cf (000173c0)     _SECP521R1_COFACTOR
000173e6     5cf (000173c0)     _SECP521R1_ORDER_N_BITS
000173e8     5cf (000173c0)     _SECP521R1_PRIME_BITS

00017422     5d0 (00017400)     _SECP384R1_A
0001743a     5d0 (00017400)     _SECP384R1_B

00017452     5d1 (00017440)     _SECP384R1_BASE_X
0001746a     5d1 (00017440)     _SECP384R1_BASE_Y

00017482     5d2 (00017480)     _SECP384R1_ORDER_N
0001749a     5d2 (00017480)     _SECP384R1_PRIME

000174d5     5d3 (000174c0)     _hex_lookup
000174e6     5d3 (000174c0)     _SECP256R1_A
000174f6     5d3 (000174c0)     _SECP256R1_B

00017506     5d4 (00017500)     _SECP256R1_BASE_X
00017516     5d4 (00017500)     _SECP256R1_BASE_Y
00017526     5d4 (00017500)     _SECP256R1_ORDER_N
00017536     5d4 (00017500)     _SECP256R1_PRIME

00017546     5d5 (00017540)     _SECP224R1_A
00017554     5d5 (00017540)     _SECP224R1_B
00017562     5d5 (00017540)     _SECP224R1_BASE_X
00017570     5d5 (00017540)     _SECP224R1_BASE_Y
0001757e     5d5 (00017540)     _SECP224R1_ORDER_N

0001758c     5d6 (00017580)     _SECP224R1_PRIME
0001759a     5d6 (00017580)     _SECP192R1_A
000175a6     5d6 (00017580)     _SECP192R1_B
000175b2     5d6 (00017580)     _SECP192R1_BASE_X
000175be     5d6 (00017580)     _SECP192R1_BASE_Y

000175ca     5d7 (000175c0)     _SECP192R1_ORDER_N
000175d6     5d7 (000175c0)     _SECP192R1_PRIME
000175ec     5d7 (000175c0)     ___c28xabi_CLOCKS_PER_SEC

00047000    11c0 (00047000)     _Emif1Regs

00047800    11e0 (00047800)     _Emif2Regs

00048000    1200 (00048000)     _CanaRegs

0004a000    1280 (0004a000)     _CanbRegs

00050000    1400 (00050000)     _IpcRegs
00050024    1400 (00050000)     _FlashPumpSemaphoreRegs

0005d000    1740 (0005d000)     _DevCfgRegs

0005d180    1746 (0005d180)     _AnalogSubsysRegs

0005d200    1748 (0005d200)     _ClkCfgRegs

0005d300    174c (0005d300)     _CpuSysRegs

0005e608    1798 (0005e600)     _RomPrefetchRegs

0005f000    17c0 (0005f000)     _DcsmZ1Regs

0005f040    17c1 (0005f040)     _DcsmZ2Regs
0005f070    17c1 (0005f040)     _DcsmCommonRegs

0005f400    17d0 (0005f400)     _MemCfgRegs

0005f480    17d2 (0005f480)     _Emif1ConfigRegs
0005f4a0    17d2 (0005f480)     _Emif2ConfigRegs

0005f4c0    17d3 (0005f4c0)     _AccessProtectionRegs

0005f500    17d4 (0005f500)     _MemoryErrorRegs

0005f540    17d5 (0005f540)     _RomWaitStateRegs

0005f800    17e0 (0005f800)     _Flash0CtrlRegs

0005fb00    17ec (0005fb00)     _Flash0EccRegs


GLOBAL SYMBOLS: SORTED ALPHABETICALLY BY Name 

page  address   name                                         
----  -------   ----                                         
abs   ffffffff  .text                                        
1     00012ec1  C$$EXIT                                      
1     0001235d  C$$IO$$                                      
1     0001226e  FD$$ADD                                      
1     00012e6d  FD$$CMP                                      
1     0001239f  FD$$DIV                                      
1     0001253c  FD$$MPY                                      
1     0001324b  FD$$NEG                                      
1     000131f0  FD$$SUB                                      
1     00012f9e  FD$$TOI                                      
1     00012fde  FD$$TOL                                      
1     000124b4  FS$$DIV                                      
1     00013055  FS$$TOFD                                     
1     0001301b  I$$TOFD                                      
1     00012e97  L$$DIV                                       
1     00012ea6  L$$MOD                                       
1     00013071  L$$TOFD                                      
1     0001310c  LL$$AND                                      
1     00012ffd  LL$$CMP                                      
1     00012016  LL$$DIV                                      
1     00012052  LL$$MOD                                      
1     00013114  LL$$OR                                       
1     0001311c  LL$$XOR                                      
1     00012eb4  UL$$DIV                                      
1     00012ebb  UL$$MOD                                      
1     0001300f  ULL$$CMP                                     
1     0001208c  ULL$$DIV                                     
1     000120bb  ULL$$MOD                                     
1     0000faa2  _ADCA1_ISR                                   
1     0000fd22  _ADCA2_ISR                                   
1     0000fd2c  _ADCA3_ISR                                   
1     0000fd36  _ADCA4_ISR                                   
1     0000fd18  _ADCA_EVT_ISR                                
1     0000faac  _ADCB1_ISR                                   
1     0000fd4a  _ADCB2_ISR                                   
1     0000fd54  _ADCB3_ISR                                   
1     0000fd5e  _ADCB4_ISR                                   
1     0000fd40  _ADCB_EVT_ISR                                
1     0000fab6  _ADCC1_ISR                                   
1     0000feb2  _ADCC2_ISR                                   
1     0000febc  _ADCC3_ISR                                   
1     0000fec6  _ADCC4_ISR                                   
1     0000fea8  _ADCC_EVT_ISR                                
1     0000fad4  _ADCD1_ISR                                   
1     0000feda  _ADCD2_ISR                                   
1     0000fee4  _ADCD3_ISR                                   
1     0000feee  _ADCD4_ISR                                   
1     0000fed0  _ADCD_EVT_ISR                                
1     0000ff2a  _AUX_PLL_SLIP_ISR                            
1     0005f4c0  _AccessProtectionRegs                        
1     00007400  _AdcaRegs                                    
1     00000b00  _AdcaResultRegs                              
1     00007480  _AdcbRegs                                    
1     00000b20  _AdcbResultRegs                              
1     00007500  _AdccRegs                                    
1     00000b40  _AdccResultRegs                              
1     00007580  _AdcdRegs                                    
1     00000b60  _AdcdResultRegs                              
1     0005d180  _AnalogSubsysRegs                            
1     0000fcf0  _CANA0_ISR                                   
1     0000fcfa  _CANA1_ISR                                   
1     0000fd04  _CANB0_ISR                                   
1     0000fd0e  _CANB1_ISR                                   
1     0000fd68  _CLA1_1_ISR                                  
1     0000fd72  _CLA1_2_ISR                                  
1     0000fd7c  _CLA1_3_ISR                                  
1     0000fd86  _CLA1_4_ISR                                  
1     0000fd90  _CLA1_5_ISR                                  
1     0000fd9a  _CLA1_6_ISR                                  
1     0000fda4  _CLA1_7_ISR                                  
1     0000fdae  _CLA1_8_ISR                                  
1     0000ff34  _CLA_OVERFLOW_ISR                            
1     0000ff3e  _CLA_UNDERFLOW_ISR                           
1     00048000  _CanaRegs                                    
1     0004a000  _CanbRegs                                    
1     00001400  _Cla1Regs                                    
1     00003200  _Clb1DataExchRegs                            
1     00003000  _Clb1LogicCfgRegs                            
1     00003100  _Clb1LogicCtrlRegs                           
1     00003600  _Clb2DataExchRegs                            
1     00003400  _Clb2LogicCfgRegs                            
1     00003500  _Clb2LogicCtrlRegs                           
1     00003a00  _Clb3DataExchRegs                            
1     00003800  _Clb3LogicCfgRegs                            
1     00003900  _Clb3LogicCtrlRegs                           
1     00003e00  _Clb4DataExchRegs                            
1     00003c00  _Clb4LogicCfgRegs                            
1     00003d00  _Clb4LogicCtrlRegs                           
1     00007a40  _ClbXbarRegs                                 
1     0005d200  _ClkCfgRegs                                  
1     00005c80  _Cmpss1Regs                                  
1     00005ca0  _Cmpss2Regs                                  
1     00005cc0  _Cmpss3Regs                                  
1     00005ce0  _Cmpss4Regs                                  
1     00005d00  _Cmpss5Regs                                  
1     00005d20  _Cmpss6Regs                                  
1     00005d40  _Cmpss7Regs                                  
1     00005d60  _Cmpss8Regs                                  
1     0005d300  _CpuSysRegs                                  
1     00000c00  _CpuTimer0Regs                               
1     00000c08  _CpuTimer1Regs                               
1     00000c10  _CpuTimer2Regs                               
1     0000f9f8  _DATALOG_ISR                                 
1     0000fc3c  _DMA_CH1_ISR                                 
1     0000fc46  _DMA_CH2_ISR                                 
1     0000fc50  _DMA_CH3_ISR                                 
1     0000fc5a  _DMA_CH4_ISR                                 
1     0000fc64  _DMA_CH5_ISR                                 
1     0000fc6e  _DMA_CH6_ISR                                 
1     00005c00  _DacaRegs                                    
1     00005c10  _DacbRegs                                    
1     00005c20  _DaccRegs                                    
1     0005f070  _DcsmCommonRegs                              
1     0005f000  _DcsmZ1Regs                                  
1     0005f040  _DcsmZ2Regs                                  
1     0005d000  _DevCfgRegs                                  
1     00010b24  _Device_bootCPU2                             
1     00010af3  _Device_configureTMXAnalogTrim               
1     000109a1  _Device_enableAllPeripherals                 
1     00010add  _Device_enableUnbondedGPIOPullups            
1     00010ac0  _Device_enableUnbondedGPIOPullupsFor100Pin   
1     00010aad  _Device_enableUnbondedGPIOPullupsFor176Pin   
1     0001095f  _Device_init                                 
1     00010a8c  _Device_initGPIO                             
1     00007980  _DmaClaSrcSelRegs                            
1     00001000  _DmaRegs                                     
1     0000fb92  _ECAP1_ISR                                   
1     0000fb9c  _ECAP2_ISR                                   
1     0000fba6  _ECAP3_ISR                                   
1     0000fbb0  _ECAP4_ISR                                   
1     0000fbba  _ECAP5_ISR                                   
1     0000fbc4  _ECAP6_ISR                                   
1     00005000  _ECap1Regs                                   
1     00005020  _ECap2Regs                                   
1     00005040  _ECap3Regs                                   
1     00005060  _ECap4Regs                                   
1     00005080  _ECap5Regs                                   
1     000050a0  _ECap6Regs                                   
1     0000fef8  _EMIF_ERROR_ISR                              
1     0000ff52  _EMPTY_ISR                                   
1     0000fa0c  _EMU_ISR                                     
1     0000fe4e  _EPWM10_ISR                                  
1     0000fe26  _EPWM10_TZ_ISR                               
1     0000fe58  _EPWM11_ISR                                  
1     0000fe30  _EPWM11_TZ_ISR                               
1     0000fe62  _EPWM12_ISR                                  
1     0000fe3a  _EPWM12_TZ_ISR                               
1     0000fb42  _EPWM1_ISR                                   
1     0000faf2  _EPWM1_TZ_ISR                                
1     0000fb4c  _EPWM2_ISR                                   
1     0000fafc  _EPWM2_TZ_ISR                                
1     0000fb56  _EPWM3_ISR                                   
1     0000fb06  _EPWM3_TZ_ISR                                
1     0000fb60  _EPWM4_ISR                                   
1     0000fb10  _EPWM4_TZ_ISR                                
1     0000fb6a  _EPWM5_ISR                                   
1     0000fb1a  _EPWM5_TZ_ISR                                
1     0000fb74  _EPWM6_ISR                                   
1     0000fb24  _EPWM6_TZ_ISR                                
1     0000fb7e  _EPWM7_ISR                                   
1     0000fb2e  _EPWM7_TZ_ISR                                
1     0000fb88  _EPWM8_ISR                                   
1     0000fb38  _EPWM8_TZ_ISR                                
1     0000fe44  _EPWM9_ISR                                   
1     0000fe1c  _EPWM9_TZ_ISR                                
1     00004900  _EPwm10Regs                                  
1     00004a00  _EPwm11Regs                                  
1     00004b00  _EPwm12Regs                                  
1     00004000  _EPwm1Regs                                   
[...]
1     0000feda  _ADCD2_ISR                                   
1     0000fee4  _ADCD3_ISR                                   
1     0000feee  _ADCD4_ISR                                   
1     0000fef8  _EMIF_ERROR_ISR                              
1     0000ff02  _RAM_CORRECTABLE_ERROR_ISR                   
1     0000ff0c  _FLASH_CORRECTABLE_ERROR_ISR                 
1     0000ff16  _RAM_ACCESS_VIOLATION_ISR                    
1     0000ff20  _SYS_PLL_SLIP_ISR                            
1     0000ff2a  _AUX_PLL_SLIP_ISR                            
1     0000ff34  _CLA_OVERFLOW_ISR                            
1     0000ff3e  _CLA_UNDERFLOW_ISR                           
1     0000ff48  _PIE_RESERVED_ISR                            
1     0000ff52  _EMPTY_ISR                                   
1     0000ff5f  _NOTUSED_ISR                                 
1     0000ff69  _ec_PointAddition1                           
1     00010060  _ec_PointAddition2                           
1     0001015c  _ec_PointDoubling                            
1     00010250  _parse_bigint                                
1     0001025f  _TransitionToAffine                          
1     000102d6  _leftToRightBinaryScalarMultiply             
1     000103a5  _main                                        
1     0001042e  _gfp_normal_to_montgomery                    
1     0001043c  _gfp_montgomery_to_normal                    
1     00010456  _gfp_mont_multiply_sos                       
1     0001060b  _gfp_mont_inverse_binary                     
1     00010795  _gfp_mont_inverse_fermat                     
1     000107d8  _gfp_mont_exponent                           
1     0001081f  _gfp_mont_compute_R                          
1     00010852  _gfp_mont_compute_R_squared                  
1     00010885  _gfp_mont_compute_n0                         
1     0001089f  _gfp_mult_two_mont                           
1     0001095f  _Device_init                                 
1     000109a1  _Device_enableAllPeripherals                 
1     00010a8c  _Device_initGPIO                             
1     00010aad  _Device_enableUnbondedGPIOPullupsFor176Pin   
1     00010ac0  _Device_enableUnbondedGPIOPullupsFor100Pin   
1     00010add  _Device_enableUnbondedGPIOPullups            
1     00010af3  _Device_configureTMXAnalogTrim               
1     00010b24  _Device_bootCPU2                             
1     00010c9e  ___error__                                   
1     00010ca5  _Example_setResultPass                       
1     00010caa  _Example_setResultFail                       
1     00010caf  _Example_done                                
1     00010cb0  _string_max_buffer_match                     
1     00010cd9  _param_get_curve_type_from_name              
1     00010d37  _param_load                                  
1     00011049  _eccp_affine_point_is_valid                  
1     000110d4  _eccp_affine_point_compare                   
1     00011108  _eccp_affine_point_copy                      
1     00011129  _eccp_affine_point_add                       
1     00011214  _eccp_affine_point_subtract                  
1     00011235  _eccp_affine_point_double                    
1     00011331  _eccp_affine_point_negate                    
1     0001134f  _malloc                                      
1     0001137a  _free                                        
1     00011444  _realloc                                     
1     000114c8  _minit                                       
1     000114cc  _calloc                                      
1     000114f9  _aligned_alloc                               
1     000114f9  _memalign                                    
1     0001159f  ___TI_heap_total_available                   
1     000115bc  ___TI_heap_largest_available                 
1     000115d9  ___TI_heap_check                             
1     000115db  _gfp_gen_add                                 
1     0001160c  _gfp_gen_subtract                            
1     00011628  _gfp_gen_halving                             
1     0001165f  _gfp_gen_negate                              
1     00011680  _gfp_gen_multiply_div                        
1     000116e0  _gfp_reduce                                  
1     000116fa  _gfp_binary_euclidean_inverse                
1     00011862  _gfp_cr_add                                  
1     00011890  _gfp_cr_subtract                             
1     000118b9  _gfp_cr_mont_multiply_sos                    
1     00011a4f  _gfp_cr_halving                              
1     00011a8d  _gfp_cr_negate                               
1     00011ab3  _SysCtl_setClock                             
1     00011cb9  _print_uint_to_buffer                        
1     00011d33  _io_gen_write                                
1     00011d46  _io_gen_readline                             
1     00011d5e  _io_sprint_bytes_var                         
1     00011d8a  _io_print_bigint_var                         
1     00011da3  _io_print_bytes_var                          
1     00011dbc  _io_print_integer                            
1     00011dcb  _io_print_affine_point                       
1     00011e85  ___TI_cleanup                                
1     00011ea2  _freopen                                     
1     00011ec0  _fopen                                       
1     00011f07  _bigint_cr_switch                            
1     00011f5f  _bigint_cr_select_2                          
1     00011fa4  _bigint_cr_is_equal_var                      
1     00011fe1  _bigint_cr_is_zero_var                       
1     00012016  LL$$DIV                                      
1     00012052  LL$$MOD                                      
1     0001208c  ULL$$DIV                                     
1     000120bb  ULL$$MOD                                     
1     0001211d  _ldexpl                                      
1     0001211d  _scalbnl                                     
1     000121c6  _fputs                                       
1     0001225b  _puts                                        
1     0001226e  FD$$ADD                                      
1     0001230a  ___TI_writemsg                               
1     0001235d  C$$IO$$                                      
1     00012362  ___TI_readmsg                                
1     0001239f  FD$$DIV                                      
1     0001242a  _SysCtl_selectXTAL                           
1     000124b4  FS$$DIV                                      
1     0001253c  FD$$MPY                                      
1     000125bf  _setvbuf                                     
1     0001263b  ___TI_doflush                                
1     0001266a  _fflush                                      
1     000126ae  _open                                        
1     0001271f  _SysCtl_getDeviceParametric                  
1     00012787  ___TI_wrt_ok                                 
1     000127c1  ___TI_rd_ok                                  
1     000127ec  ___TI_closefile                              
1     00012830  _fclose                                      
1     00012849  _HOSTlseek                                   
1     000128a4  _frexpl                                      
1     000128fe  _c_int00                                     
1     00012954  _fputc                                       
1     00012954  _putc                                        
1     000129a2  _putchar                                     
1     000129a7  ___TI_buff_read                              
1     000129f9  _SysCtl_getClock                             
1     00012a4a  _bigint_rand_insecure_var                    
1     00012a5f  _gfp_rand                                    
1     00012a9b  _finddevice                                  
1     00012ab6  _getdevice                                   
1     00012aec  _fgetc                                       
1     00012aec  _getc                                        
1     00012b37  _getchar                                     
1     00012b3c  _SysCtl_selectOscSource                      
1     00012b84  _HOSTrename                                  
1     00012bc2  _fseek                                       
1     00012bc2  _fseeko                                      
1     00012bff  _HOSTopen                                    
1     00012c37  _GPIO_setControllerCore                      
1     00012c6e  _GPIO_setPinConfig                           
1     00012ca5  _GPIO_setQualificationMode                   
1     00012cdc  _HOSTwrite                                   
1     00012d13  _HOSTread                                    
1     00012d4f  _printf                                      
1     00012d7d  _close                                       
1     00012db0  _GPIO_setDirectionMode                       
1     00012de1  _atoi                                        
1     00012e12  ___TI_ltoa                                   
1     00012e42  _srand                                       
1     00012e52  _rand                                        
1     00012e6d  FD$$CMP                                      
1     00012e97  L$$DIV                                       
1     00012ea6  L$$MOD                                       
1     00012eb4  UL$$DIV                                      
1     00012ebb  UL$$MOD                                      
1     00012ec1  C$$EXIT                                      
1     00012ec1  _abort                                       
1     00012ec3  _exit                                        
1     00012eea  _HOSTclose                                   
1     00012f11  _copy_in                                     
1     00012f35  _HOSTunlink                                  
1     00012f59  _copysignl                                   
1     00012f9e  FD$$TOI                                      
1     00012fde  FD$$TOL                                      
1     00012ffd  LL$$CMP                                      
1     0001300f  ULL$$CMP                                     
1     0001301b  I$$TOFD                                      
1     00013038  _memcpy                                      
1     00013055  FS$$TOFD                                     
1     00013071  L$$TOFD                                      
1     000130a7  _SysCtl_getLowSpeedClock                     
1     000130c1  _read                                        
1     000130da  _unlink                                      
1     000130f3  _write                                       
1     0001310c  LL$$AND                                      
1     00013114  LL$$OR                                       
1     0001311c  LL$$XOR                                      
1     00013124  _lseek                                       
1     00013153  _strncpy                                     
1     000131a0  __args_main                                  
1     000131c3  _memccpy                                     
1     000131f0  FD$$SUB                                      
1     000131fe  __abort_msg                                  
1     0001320b  _memchr                                      
1     00013218  _strchr                                      
1     0001322f  _strcmp                                      
1     00013242  __register_unlock                            
1     00013246  __register_lock                              
1     0001324a  __nop                                        
1     0001324b  FD$$NEG                                      
1     00013254  _wcslen                                      
1     00013265  _strlen                                      
1     00013274  _memset                                      
1     0001327b  _strcpy                                      
1     00013280  _remove                                      
1     00013283  __system_pre_init                            
1     00015000  _curveTypeStr                                
1     00015002  _RSquared                                    
1     00015004  _q0xStr                                      
1     00015006  _q0yStr                                      
1     00015008  _q0zStr                                      
1     0001500a  _q0wStr                                      
1     0001500c  _kBSrc                                       
1     0001500e  _primeNumber                                 
1     00015010  _primeWords                                  
1     00015040  _curveParameters                             
1     000151b2  _parmbuf                                     
1     000151ba  _Example_Result                              
1     000151bc  _Example_PassCount                           
1     000151be  _Example_Fail                                
1     000151c0  ___TI_tmpnams                                
1     00015260  ___TI_enable_exit_profile_output             
1     00015262  ___TI_cleanup_ptr                            
1     00015264  ___TI_dtors_ptr                              
1     0001526a  __lock                                       
1     0001526c  __unlock                                     
1     00015270  ___TI_ft_end                                 
1     00015271  _errno                                       
1     00015280  __ftable                                     
1     00015300  __device                                     
1     00015348  __stream                                     
1     00015380  _R1                                          
1     000153c0  _R2                                          
1     00015400  _R3                                          
1     00015440  _R4                                          
1     00015480  _R5                                          
1     000154c0  _R6                                          
1     00015500  _ZTrans                                      
1     00015540  _aVal                                        
1     00015580  _p0x                                         
1     000155c0  _p0y                                         
1     00015600  _p0z                                         
1     00015640  _q0w                                         
1     00015680  _q0x                                         
1     000156c0  _q0y                                         
1     00015700  _q0z                                         
1     00015740  _result_X                                    
1     00015780  _result_Y                                    
1     000157c0  _rsquared                                    
1     00015800  _tempReg                                     
1     00016fef  __ctypes_                                    
1     00017300  _SECP521R1_A                                 
1     00017322  _SECP521R1_B                                 
1     00017344  _SECP521R1_BASE_X                            
1     00017366  _SECP521R1_BASE_Y                            
1     00017388  _SECP521R1_ORDER_N                           
1     000173aa  _SECP521R1_PRIME                             
1     000173cc  _SECP192R1_COFACTOR                          
1     000173ce  _SECP192R1_ORDER_N_BITS                      
1     000173d0  _SECP192R1_PRIME_BITS                        
1     000173d2  _SECP224R1_COFACTOR                          
1     000173d4  _SECP224R1_ORDER_N_BITS                      
1     000173d6  _SECP224R1_PRIME_BITS                        
1     000173d8  _SECP256R1_COFACTOR                          
1     000173da  _SECP256R1_ORDER_N_BITS                      
1     000173dc  _SECP256R1_PRIME_BITS                        
1     000173de  _SECP384R1_COFACTOR                          
1     000173e0  _SECP384R1_ORDER_N_BITS                      
1     000173e2  _SECP384R1_PRIME_BITS                        
1     000173e4  _SECP521R1_COFACTOR                          
1     000173e6  _SECP521R1_ORDER_N_BITS                      
1     000173e8  _SECP521R1_PRIME_BITS                        
1     00017422  _SECP384R1_A                                 
1     0001743a  _SECP384R1_B                                 
1     00017452  _SECP384R1_BASE_X                            
1     0001746a  _SECP384R1_BASE_Y                            
1     00017482  _SECP384R1_ORDER_N                           
1     0001749a  _SECP384R1_PRIME                             
1     000174d5  _hex_lookup                                  
1     000174e6  _SECP256R1_A                                 
1     000174f6  _SECP256R1_B                                 
1     00017506  _SECP256R1_BASE_X                            
1     00017516  _SECP256R1_BASE_Y                            
1     00017526  _SECP256R1_ORDER_N                           
1     00017536  _SECP256R1_PRIME                             
1     00017546  _SECP224R1_A                                 
1     00017554  _SECP224R1_B                                 
1     00017562  _SECP224R1_BASE_X                            
1     00017570  _SECP224R1_BASE_Y                            
1     0001757e  _SECP224R1_ORDER_N                           
1     0001758c  _SECP224R1_PRIME                             
1     0001759a  _SECP192R1_A                                 
1     000175a6  _SECP192R1_B                                 
1     000175b2  _SECP192R1_BASE_X                            
1     000175be  _SECP192R1_BASE_Y                            
1     000175ca  _SECP192R1_ORDER_N                           
1     000175d6  _SECP192R1_PRIME                             
1     000175ec  ___c28xabi_CLOCKS_PER_SEC                    
1     00047000  _Emif1Regs                                   
1     00047800  _Emif2Regs                                   
1     00048000  _CanaRegs                                    
1     0004a000  _CanbRegs                                    
1     00050000  _IpcRegs                                     
1     00050024  _FlashPumpSemaphoreRegs                      
1     0005d000  _DevCfgRegs                                  
1     0005d180  _AnalogSubsysRegs                            
1     0005d200  _ClkCfgRegs                                  
1     0005d300  _CpuSysRegs                                  
1     0005e608  _RomPrefetchRegs                             
1     0005f000  _DcsmZ1Regs                                  
1     0005f040  _DcsmZ2Regs                                  
1     0005f070  _DcsmCommonRegs                              
1     0005f400  _MemCfgRegs                                  
1     0005f480  _Emif1ConfigRegs                             
1     0005f4a0  _Emif2ConfigRegs                             
1     0005f4c0  _AccessProtectionRegs                        
1     0005f500  _MemoryErrorRegs                             
1     0005f540  _RomWaitStateRegs                            
1     0005f800  _Flash0CtrlRegs                              
1     0005fb00  _Flash0EccRegs                               
abs   00000100  __STACK_SIZE                                 
abs   00000400  __SYSMEM_SIZE                                
abs   ffffffff  .text                                        
abs   ffffffff  ___TI_pprof_out_hndl                         
abs   ffffffff  ___TI_prof_data_size                         
abs   ffffffff  ___TI_prof_data_start                        
abs   ffffffff  ___binit__                                   
abs   ffffffff  ___c_args__                                  
abs   ffffffff  ___etext__                                   
abs   ffffffff  ___pinit__                                   
abs   ffffffff  ___text__                                    
abs   ffffffff  binit                                        
abs   ffffffff  etext                                        
abs   ffffffff  pinit                                        

[571 symbols]
