<?xml version="1.0" encoding="ISO-8859-1" ?>
<link_info>
   <banner>TMS320C2000 Linker PC v22.6.1.LTS</banner>
   <copyright>Copyright (c) 1996-2018 Texas Instruments Incorporated</copyright>
   <link_time>0x671a223f</link_time>
   <link_errors>0x0</link_errors>
   <output_file>FinalThesis - R2L - RamMem.out</output_file>
   <entry_point>
      <name>_c_int00</name>
      <address>0x12970</address>
   </entry_point>
   <input_file_list>
      <input_file id="fl-2">
         <path>.\</path>
         <kind>object</kind>
         <file>F2837xD_CodeStartBranch.obj</file>
         <name>F2837xD_CodeStartBranch.obj</name>
      </input_file>
      <input_file id="fl-3">
         <path>.\</path>
         <kind>object</kind>
         <file>F2837xD_DefaultISR.obj</file>
         <name>F2837xD_DefaultISR.obj</name>
      </input_file>
      <input_file id="fl-4">
         <path>.\</path>
         <kind>object</kind>
         <file>F2837xD_GlobalVariableDefs.obj</file>
         <name>F2837xD_GlobalVariableDefs.obj</name>
      </input_file>
      <input_file id="fl-5">
         <path>.\</path>
         <kind>object</kind>
         <file>F2837xD_Gpio.obj</file>
         <name>F2837xD_Gpio.obj</name>
      </input_file>
      <input_file id="fl-6">
         <path>.\</path>
         <kind>object</kind>
         <file>F2837xD_PieCtrl.obj</file>
         <name>F2837xD_PieCtrl.obj</name>
      </input_file>
      <input_file id="fl-7">
         <path>.\</path>
         <kind>object</kind>
         <file>F2837xD_PieVect.obj</file>
         <name>F2837xD_PieVect.obj</name>
      </input_file>
      <input_file id="fl-8">
         <path>.\</path>
         <kind>object</kind>
         <file>F2837xD_SysCtrl.obj</file>
         <name>F2837xD_SysCtrl.obj</name>
      </input_file>
      <input_file id="fl-9">
         <path>.\</path>
         <kind>object</kind>
         <file>F2837xD_usDelay.obj</file>
         <name>F2837xD_usDelay.obj</name>
      </input_file>
      <input_file id="fl-a">
         <path>.\</path>
         <kind>object</kind>
         <file>R2LRam_main.obj</file>
         <name>R2LRam_main.obj</name>
      </input_file>
      <input_file id="fl-b">
         <path>.\device\</path>
         <kind>object</kind>
         <file>device.obj</file>
         <name>device.obj</name>
      </input_file>
      <input_file id="fl-c">
         <path>.\flecc_modified\src\bi\</path>
         <kind>object</kind>
         <file>bi_const_runtime.obj</file>
         <name>bi_const_runtime.obj</name>
      </input_file>
      <input_file id="fl-d">
         <path>.\flecc_modified\src\bi\</path>
         <kind>object</kind>
         <file>bi_gen.obj</file>
         <name>bi_gen.obj</name>
      </input_file>
      <input_file id="fl-e">
         <path>.\flecc_modified\src\eccp\</path>
         <kind>object</kind>
         <file>eccp_affine.obj</file>
         <name>eccp_affine.obj</name>
      </input_file>
      <input_file id="fl-f">
         <path>.\flecc_modified\src\eccp\</path>
         <kind>object</kind>
         <file>eccp_generic.obj</file>
         <name>eccp_generic.obj</name>
      </input_file>
      <input_file id="fl-10">
         <path>.\flecc_modified\src\eccp\</path>
         <kind>object</kind>
         <file>eccp_jacobian.obj</file>
         <name>eccp_jacobian.obj</name>
      </input_file>
      <input_file id="fl-11">
         <path>.\flecc_modified\src\eccp\</path>
         <kind>object</kind>
         <file>eccp_protected.obj</file>
         <name>eccp_protected.obj</name>
      </input_file>
      <input_file id="fl-12">
         <path>.\flecc_modified\src\eccp\</path>
         <kind>object</kind>
         <file>eccp_std_projective.obj</file>
         <name>eccp_std_projective.obj</name>
      </input_file>
      <input_file id="fl-13">
         <path>.\flecc_modified\src\gfp\</path>
         <kind>object</kind>
         <file>gfp_const_runtime.obj</file>
         <name>gfp_const_runtime.obj</name>
      </input_file>
      <input_file id="fl-14">
         <path>.\flecc_modified\src\gfp\</path>
         <kind>object</kind>
         <file>gfp_gen.obj</file>
         <name>gfp_gen.obj</name>
      </input_file>
      <input_file id="fl-15">
         <path>.\flecc_modified\src\gfp\</path>
         <kind>object</kind>
         <file>gfp_mont.obj</file>
         <name>gfp_mont.obj</name>
      </input_file>
      <input_file id="fl-16">
         <path>.\flecc_modified\src\hash\</path>
         <kind>object</kind>
         <file>sha1.obj</file>
         <name>sha1.obj</name>
      </input_file>
      <input_file id="fl-17">
         <path>.\flecc_modified\src\hash\</path>
         <kind>object</kind>
         <file>sha2.obj</file>
         <name>sha2.obj</name>
      </input_file>
      <input_file id="fl-18">
         <path>.\flecc_modified\src\io\</path>
         <kind>object</kind>
         <file>io_gen.obj</file>
         <name>io_gen.obj</name>
      </input_file>
      <input_file id="fl-19">
         <path>.\flecc_modified\src\protocols\</path>
         <kind>object</kind>
         <file>ecdh.obj</file>
         <name>ecdh.obj</name>
      </input_file>
      <input_file id="fl-1a">
         <path>.\flecc_modified\src\protocols\</path>
         <kind>object</kind>
         <file>ecdsa.obj</file>
         <name>ecdsa.obj</name>
      </input_file>
      <input_file id="fl-1b">
         <path>.\flecc_modified\src\protocols\</path>
         <kind>object</kind>
         <file>eckeygen.obj</file>
         <name>eckeygen.obj</name>
      </input_file>
      <input_file id="fl-1c">
         <path>.\flecc_modified\src\utils\</path>
         <kind>object</kind>
         <file>param.obj</file>
         <name>param.obj</name>
      </input_file>
      <input_file id="fl-1d">
         <path>.\flecc_modified\src\utils\</path>
         <kind>object</kind>
         <file>parse.obj</file>
         <name>parse.obj</name>
      </input_file>
      <input_file id="fl-1e">
         <path>.\flecc_modified\src\utils\</path>
         <kind>object</kind>
         <file>performance.obj</file>
         <name>performance.obj</name>
      </input_file>
      <input_file id="fl-1f">
         <path>.\flecc_modified\src\utils\</path>
         <kind>object</kind>
         <file>rand.obj</file>
         <name>rand.obj</name>
      </input_file>
      <input_file id="fl-27">
         <kind>object</kind>
         <file>&lt;internal&gt;</file>
         <name>&lt;internal&gt;</name>
      </input_file>
      <input_file id="fl-2b">
         <path>C:\ti\C2000Ware_5_00_00_00\driverlib\f2837xd\driverlib\ccs\Debug\</path>
         <kind>archive</kind>
         <file>driverlib_coff.lib</file>
         <name>gpio.obj</name>
      </input_file>
      <input_file id="fl-2c">
         <path>C:\ti\C2000Ware_5_00_00_00\driverlib\f2837xd\driverlib\ccs\Debug\</path>
         <kind>archive</kind>
         <file>driverlib_coff.lib</file>
         <name>sysctl.obj</name>
      </input_file>
      <input_file id="fl-38">
         <path>C:\ti\ccs1120\ccs\tools\compiler\ti-cgt-c2000_22.6.1.LTS\lib\</path>
         <kind>archive</kind>
         <file>rts2800_fpu32.lib</file>
         <name>e_sqrtf.c.obj</name>
      </input_file>
      <input_file id="fl-39">
         <path>C:\ti\ccs1120\ccs\tools\compiler\ti-cgt-c2000_22.6.1.LTS\lib\</path>
         <kind>archive</kind>
         <file>rts2800_fpu32.lib</file>
         <name>printf.c.obj</name>
      </input_file>
      <input_file id="fl-3a">
         <path>C:\ti\ccs1120\ccs\tools\compiler\ti-cgt-c2000_22.6.1.LTS\lib\</path>
         <kind>archive</kind>
         <file>rts2800_fpu32.lib</file>
         <name>_printfi.c.obj</name>
      </input_file>
      <input_file id="fl-3b">
         <path>C:\ti\ccs1120\ccs\tools\compiler\ti-cgt-c2000_22.6.1.LTS\lib\</path>
         <kind>archive</kind>
         <file>rts2800_fpu32.lib</file>
         <name>fgetc.c.obj</name>
      </input_file>
      <input_file id="fl-3c">
         <path>C:\ti\ccs1120\ccs\tools\compiler\ti-cgt-c2000_22.6.1.LTS\lib\</path>
         <kind>archive</kind>
         <file>rts2800_fpu32.lib</file>
         <name>fputc.c.obj</name>
      </input_file>
      <input_file id="fl-3d">
         <path>C:\ti\ccs1120\ccs\tools\compiler\ti-cgt-c2000_22.6.1.LTS\lib\</path>
         <kind>archive</kind>
         <file>rts2800_fpu32.lib</file>
         <name>fputs.c.obj</name>
      </input_file>
      <input_file id="fl-3e">
         <path>C:\ti\ccs1120\ccs\tools\compiler\ti-cgt-c2000_22.6.1.LTS\lib\</path>
         <kind>archive</kind>
         <file>rts2800_fpu32.lib</file>
         <name>_bufread.c.obj</name>
      </input_file>
      <input_file id="fl-3f">
         <path>C:\ti\ccs1120\ccs\tools\compiler\ti-cgt-c2000_22.6.1.LTS\lib\</path>
         <kind>archive</kind>
         <file>rts2800_fpu32.lib</file>
         <name>_io_perm.c.obj</name>
      </input_file>
      <input_file id="fl-40">
         <path>C:\ti\ccs1120\ccs\tools\compiler\ti-cgt-c2000_22.6.1.LTS\lib\</path>
         <kind>archive</kind>
         <file>rts2800_fpu32.lib</file>
         <name>setvbuf.c.obj</name>
      </input_file>
      <input_file id="fl-41">
         <path>C:\ti\ccs1120\ccs\tools\compiler\ti-cgt-c2000_22.6.1.LTS\lib\</path>
         <kind>archive</kind>
         <file>rts2800_fpu32.lib</file>
         <name>boot28.asm.obj</name>
      </input_file>
      <input_file id="fl-42">
         <path>C:\ti\ccs1120\ccs\tools\compiler\ti-cgt-c2000_22.6.1.LTS\lib\</path>
         <kind>archive</kind>
         <file>rts2800_fpu32.lib</file>
         <name>fd_cmp28.asm.obj</name>
      </input_file>
      <input_file id="fl-43">
         <path>C:\ti\ccs1120\ccs\tools\compiler\ti-cgt-c2000_22.6.1.LTS\lib\</path>
         <kind>archive</kind>
         <file>rts2800_fpu32.lib</file>
         <name>fd_mpy28.asm.obj</name>
      </input_file>
      <input_file id="fl-44">
         <path>C:\ti\ccs1120\ccs\tools\compiler\ti-cgt-c2000_22.6.1.LTS\lib\</path>
         <kind>archive</kind>
         <file>rts2800_fpu32.lib</file>
         <name>fd_neg28.asm.obj</name>
      </input_file>
      <input_file id="fl-45">
         <path>C:\ti\ccs1120\ccs\tools\compiler\ti-cgt-c2000_22.6.1.LTS\lib\</path>
         <kind>archive</kind>
         <file>rts2800_fpu32.lib</file>
         <name>fd_sub28.asm.obj</name>
      </input_file>
      <input_file id="fl-46">
         <path>C:\ti\ccs1120\ccs\tools\compiler\ti-cgt-c2000_22.6.1.LTS\lib\</path>
         <kind>archive</kind>
         <file>rts2800_fpu32.lib</file>
         <name>fd_toi28.asm.obj</name>
      </input_file>
      <input_file id="fl-47">
         <path>C:\ti\ccs1120\ccs\tools\compiler\ti-cgt-c2000_22.6.1.LTS\lib\</path>
         <kind>archive</kind>
         <file>rts2800_fpu32.lib</file>
         <name>fd_tol28.asm.obj</name>
      </input_file>
      <input_file id="fl-48">
         <path>C:\ti\ccs1120\ccs\tools\compiler\ti-cgt-c2000_22.6.1.LTS\lib\</path>
         <kind>archive</kind>
         <file>rts2800_fpu32.lib</file>
         <name>fs_div28.asm.obj</name>
      </input_file>
      <input_file id="fl-49">
         <path>C:\ti\ccs1120\ccs\tools\compiler\ti-cgt-c2000_22.6.1.LTS\lib\</path>
         <kind>archive</kind>
         <file>rts2800_fpu32.lib</file>
         <name>ll_aox28.asm.obj</name>
      </input_file>
      <input_file id="fl-4a">
         <path>C:\ti\ccs1120\ccs\tools\compiler\ti-cgt-c2000_22.6.1.LTS\lib\</path>
         <kind>archive</kind>
         <file>rts2800_fpu32.lib</file>
         <name>ll_cmp28.asm.obj</name>
      </input_file>
      <input_file id="fl-4b">
         <path>C:\ti\ccs1120\ccs\tools\compiler\ti-cgt-c2000_22.6.1.LTS\lib\</path>
         <kind>archive</kind>
         <file>rts2800_fpu32.lib</file>
         <name>ll_div28.asm.obj</name>
      </input_file>
      <input_file id="fl-4c">
         <path>C:\ti\ccs1120\ccs\tools\compiler\ti-cgt-c2000_22.6.1.LTS\lib\</path>
         <kind>archive</kind>
         <file>rts2800_fpu32.lib</file>
         <name>i_tofd28.asm.obj</name>
      </input_file>
      <input_file id="fl-4d">
         <path>C:\ti\ccs1120\ccs\tools\compiler\ti-cgt-c2000_22.6.1.LTS\lib\</path>
         <kind>archive</kind>
         <file>rts2800_fpu32.lib</file>
         <name>l_tofd28.asm.obj</name>
      </input_file>
      <input_file id="fl-4e">
         <path>C:\ti\ccs1120\ccs\tools\compiler\ti-cgt-c2000_22.6.1.LTS\lib\</path>
         <kind>archive</kind>
         <file>rts2800_fpu32.lib</file>
         <name>fs_tofdfpu32.asm.obj</name>
      </input_file>
      <input_file id="fl-4f">
         <path>C:\ti\ccs1120\ccs\tools\compiler\ti-cgt-c2000_22.6.1.LTS\lib\</path>
         <kind>archive</kind>
         <file>rts2800_fpu32.lib</file>
         <name>fd_div28.asm.obj</name>
      </input_file>
      <input_file id="fl-50">
         <path>C:\ti\ccs1120\ccs\tools\compiler\ti-cgt-c2000_22.6.1.LTS\lib\</path>
         <kind>archive</kind>
         <file>rts2800_fpu32.lib</file>
         <name>cpy_tbl.c.obj</name>
      </input_file>
      <input_file id="fl-51">
         <path>C:\ti\ccs1120\ccs\tools\compiler\ti-cgt-c2000_22.6.1.LTS\lib\</path>
         <kind>archive</kind>
         <file>rts2800_fpu32.lib</file>
         <name>memcpy.c.obj</name>
      </input_file>
      <input_file id="fl-52">
         <path>C:\ti\ccs1120\ccs\tools\compiler\ti-cgt-c2000_22.6.1.LTS\lib\</path>
         <kind>archive</kind>
         <file>rts2800_fpu32.lib</file>
         <name>pre_init.c.obj</name>
      </input_file>
      <input_file id="fl-53">
         <path>C:\ti\ccs1120\ccs\tools\compiler\ti-cgt-c2000_22.6.1.LTS\lib\</path>
         <kind>archive</kind>
         <file>rts2800_fpu32.lib</file>
         <name>startup.c.obj</name>
      </input_file>
      <input_file id="fl-54">
         <path>C:\ti\ccs1120\ccs\tools\compiler\ti-cgt-c2000_22.6.1.LTS\lib\</path>
         <kind>archive</kind>
         <file>rts2800_fpu32.lib</file>
         <name>exit.c.obj</name>
      </input_file>
      <input_file id="fl-55">
         <path>C:\ti\ccs1120\ccs\tools\compiler\ti-cgt-c2000_22.6.1.LTS\lib\</path>
         <kind>archive</kind>
         <file>rts2800_fpu32.lib</file>
         <name>_lock.c.obj</name>
      </input_file>
      <input_file id="fl-56">
         <path>C:\ti\ccs1120\ccs\tools\compiler\ti-cgt-c2000_22.6.1.LTS\lib\</path>
         <kind>archive</kind>
         <file>rts2800_fpu32.lib</file>
         <name>_ltoa.c.obj</name>
      </input_file>
      <input_file id="fl-57">
         <path>C:\ti\ccs1120\ccs\tools\compiler\ti-cgt-c2000_22.6.1.LTS\lib\</path>
         <kind>archive</kind>
         <file>rts2800_fpu32.lib</file>
         <name>args_main.c.obj</name>
      </input_file>
      <input_file id="fl-58">
         <path>C:\ti\ccs1120\ccs\tools\compiler\ti-cgt-c2000_22.6.1.LTS\lib\</path>
         <kind>archive</kind>
         <file>rts2800_fpu32.lib</file>
         <name>assert.c.obj</name>
      </input_file>
      <input_file id="fl-59">
         <path>C:\ti\ccs1120\ccs\tools\compiler\ti-cgt-c2000_22.6.1.LTS\lib\</path>
         <kind>archive</kind>
         <file>rts2800_fpu32.lib</file>
         <name>atoi.c.obj</name>
      </input_file>
      <input_file id="fl-5a">
         <path>C:\ti\ccs1120\ccs\tools\compiler\ti-cgt-c2000_22.6.1.LTS\lib\</path>
         <kind>archive</kind>
         <file>rts2800_fpu32.lib</file>
         <name>ctype.c.obj</name>
      </input_file>
      <input_file id="fl-5b">
         <path>C:\ti\ccs1120\ccs\tools\compiler\ti-cgt-c2000_22.6.1.LTS\lib\</path>
         <kind>archive</kind>
         <file>rts2800_fpu32.lib</file>
         <name>defs.c.obj</name>
      </input_file>
      <input_file id="fl-5c">
         <path>C:\ti\ccs1120\ccs\tools\compiler\ti-cgt-c2000_22.6.1.LTS\lib\</path>
         <kind>archive</kind>
         <file>rts2800_fpu32.lib</file>
         <name>memccpy.c.obj</name>
      </input_file>
      <input_file id="fl-5d">
         <path>C:\ti\ccs1120\ccs\tools\compiler\ti-cgt-c2000_22.6.1.LTS\lib\</path>
         <kind>archive</kind>
         <file>rts2800_fpu32.lib</file>
         <name>memchr.c.obj</name>
      </input_file>
      <input_file id="fl-5e">
         <path>C:\ti\ccs1120\ccs\tools\compiler\ti-cgt-c2000_22.6.1.LTS\lib\</path>
         <kind>archive</kind>
         <file>rts2800_fpu32.lib</file>
         <name>memory.c.obj</name>
      </input_file>
      <input_file id="fl-5f">
         <path>C:\ti\ccs1120\ccs\tools\compiler\ti-cgt-c2000_22.6.1.LTS\lib\</path>
         <kind>archive</kind>
         <file>rts2800_fpu32.lib</file>
         <name>memset.c.obj</name>
      </input_file>
      <input_file id="fl-60">
         <path>C:\ti\ccs1120\ccs\tools\compiler\ti-cgt-c2000_22.6.1.LTS\lib\</path>
         <kind>archive</kind>
         <file>rts2800_fpu32.lib</file>
         <name>rand.c.obj</name>
      </input_file>
      <input_file id="fl-61">
         <path>C:\ti\ccs1120\ccs\tools\compiler\ti-cgt-c2000_22.6.1.LTS\lib\</path>
         <kind>archive</kind>
         <file>rts2800_fpu32.lib</file>
         <name>strchr.c.obj</name>
      </input_file>
      <input_file id="fl-62">
         <path>C:\ti\ccs1120\ccs\tools\compiler\ti-cgt-c2000_22.6.1.LTS\lib\</path>
         <kind>archive</kind>
         <file>rts2800_fpu32.lib</file>
         <name>strcpy.c.obj</name>
      </input_file>
      <input_file id="fl-63">
         <path>C:\ti\ccs1120\ccs\tools\compiler\ti-cgt-c2000_22.6.1.LTS\lib\</path>
         <kind>archive</kind>
         <file>rts2800_fpu32.lib</file>
         <name>strlen.c.obj</name>
      </input_file>
      <input_file id="fl-64">
         <path>C:\ti\ccs1120\ccs\tools\compiler\ti-cgt-c2000_22.6.1.LTS\lib\</path>
         <kind>archive</kind>
         <file>rts2800_fpu32.lib</file>
         <name>write.c.obj</name>
      </input_file>
      <input_file id="fl-65">
         <path>C:\ti\ccs1120\ccs\tools\compiler\ti-cgt-c2000_22.6.1.LTS\lib\</path>
         <kind>archive</kind>
         <file>rts2800_fpu32.lib</file>
         <name>host_device.c.obj</name>
      </input_file>
      <input_file id="fl-66">
         <path>C:\ti\ccs1120\ccs\tools\compiler\ti-cgt-c2000_22.6.1.LTS\lib\</path>
         <kind>archive</kind>
         <file>rts2800_fpu32.lib</file>
         <name>read.c.obj</name>
      </input_file>
      <input_file id="fl-67">
         <path>C:\ti\ccs1120\ccs\tools\compiler\ti-cgt-c2000_22.6.1.LTS\lib\</path>
         <kind>archive</kind>
         <file>rts2800_fpu32.lib</file>
         <name>clock.c.obj</name>
      </input_file>
      <input_file id="fl-68">
         <path>C:\ti\ccs1120\ccs\tools\compiler\ti-cgt-c2000_22.6.1.LTS\lib\</path>
         <kind>archive</kind>
         <file>rts2800_fpu32.lib</file>
         <name>errno.c.obj</name>
      </input_file>
      <input_file id="fl-69">
         <path>C:\ti\ccs1120\ccs\tools\compiler\ti-cgt-c2000_22.6.1.LTS\lib\</path>
         <kind>archive</kind>
         <file>rts2800_fpu32.lib</file>
         <name>s_frexp.c.obj</name>
      </input_file>
      <input_file id="fl-6a">
         <path>C:\ti\ccs1120\ccs\tools\compiler\ti-cgt-c2000_22.6.1.LTS\lib\</path>
         <kind>archive</kind>
         <file>rts2800_fpu32.lib</file>
         <name>s_scalbn.c.obj</name>
      </input_file>
      <input_file id="fl-6b">
         <path>C:\ti\ccs1120\ccs\tools\compiler\ti-cgt-c2000_22.6.1.LTS\lib\</path>
         <kind>archive</kind>
         <file>rts2800_fpu32.lib</file>
         <name>wcslen.c.obj</name>
      </input_file>
      <input_file id="fl-6c">
         <path>C:\ti\ccs1120\ccs\tools\compiler\ti-cgt-c2000_22.6.1.LTS\lib\</path>
         <kind>archive</kind>
         <file>rts2800_fpu32.lib</file>
         <name>fflush.c.obj</name>
      </input_file>
      <input_file id="fl-6d">
         <path>C:\ti\ccs1120\ccs\tools\compiler\ti-cgt-c2000_22.6.1.LTS\lib\</path>
         <kind>archive</kind>
         <file>rts2800_fpu32.lib</file>
         <name>fopen.c.obj</name>
      </input_file>
      <input_file id="fl-6e">
         <path>C:\ti\ccs1120\ccs\tools\compiler\ti-cgt-c2000_22.6.1.LTS\lib\</path>
         <kind>archive</kind>
         <file>rts2800_fpu32.lib</file>
         <name>fseek.c.obj</name>
      </input_file>
      <input_file id="fl-6f">
         <path>C:\ti\ccs1120\ccs\tools\compiler\ti-cgt-c2000_22.6.1.LTS\lib\</path>
         <kind>archive</kind>
         <file>rts2800_fpu32.lib</file>
         <name>fd_add28.asm.obj</name>
      </input_file>
      <input_file id="fl-70">
         <path>C:\ti\ccs1120\ccs\tools\compiler\ti-cgt-c2000_22.6.1.LTS\lib\</path>
         <kind>archive</kind>
         <file>rts2800_fpu32.lib</file>
         <name>l_div28.asm.obj</name>
      </input_file>
      <input_file id="fl-71">
         <path>C:\ti\ccs1120\ccs\tools\compiler\ti-cgt-c2000_22.6.1.LTS\lib\</path>
         <kind>archive</kind>
         <file>rts2800_fpu32.lib</file>
         <name>hostclock.c.obj</name>
      </input_file>
      <input_file id="fl-72">
         <path>C:\ti\ccs1120\ccs\tools\compiler\ti-cgt-c2000_22.6.1.LTS\lib\</path>
         <kind>archive</kind>
         <file>rts2800_fpu32.lib</file>
         <name>hostclose.c.obj</name>
      </input_file>
      <input_file id="fl-73">
         <path>C:\ti\ccs1120\ccs\tools\compiler\ti-cgt-c2000_22.6.1.LTS\lib\</path>
         <kind>archive</kind>
         <file>rts2800_fpu32.lib</file>
         <name>hostlseek.c.obj</name>
      </input_file>
      <input_file id="fl-74">
         <path>C:\ti\ccs1120\ccs\tools\compiler\ti-cgt-c2000_22.6.1.LTS\lib\</path>
         <kind>archive</kind>
         <file>rts2800_fpu32.lib</file>
         <name>hostopen.c.obj</name>
      </input_file>
      <input_file id="fl-75">
         <path>C:\ti\ccs1120\ccs\tools\compiler\ti-cgt-c2000_22.6.1.LTS\lib\</path>
         <kind>archive</kind>
         <file>rts2800_fpu32.lib</file>
         <name>hostread.c.obj</name>
      </input_file>
      <input_file id="fl-76">
         <path>C:\ti\ccs1120\ccs\tools\compiler\ti-cgt-c2000_22.6.1.LTS\lib\</path>
         <kind>archive</kind>
         <file>rts2800_fpu32.lib</file>
         <name>hostrename.c.obj</name>
      </input_file>
      <input_file id="fl-77">
         <path>C:\ti\ccs1120\ccs\tools\compiler\ti-cgt-c2000_22.6.1.LTS\lib\</path>
         <kind>archive</kind>
         <file>rts2800_fpu32.lib</file>
         <name>hostunlink.c.obj</name>
      </input_file>
      <input_file id="fl-78">
         <path>C:\ti\ccs1120\ccs\tools\compiler\ti-cgt-c2000_22.6.1.LTS\lib\</path>
         <kind>archive</kind>
         <file>rts2800_fpu32.lib</file>
         <name>hostwrite.c.obj</name>
      </input_file>
      <input_file id="fl-79">
         <path>C:\ti\ccs1120\ccs\tools\compiler\ti-cgt-c2000_22.6.1.LTS\lib\</path>
         <kind>archive</kind>
         <file>rts2800_fpu32.lib</file>
         <name>trgmsg.c.obj</name>
      </input_file>
      <input_file id="fl-7a">
         <path>C:\ti\ccs1120\ccs\tools\compiler\ti-cgt-c2000_22.6.1.LTS\lib\</path>
         <kind>archive</kind>
         <file>rts2800_fpu32.lib</file>
         <name>open.c.obj</name>
      </input_file>
      <input_file id="fl-7b">
         <path>C:\ti\ccs1120\ccs\tools\compiler\ti-cgt-c2000_22.6.1.LTS\lib\</path>
         <kind>archive</kind>
         <file>rts2800_fpu32.lib</file>
         <name>lseek.c.obj</name>
      </input_file>
      <input_file id="fl-7c">
         <path>C:\ti\ccs1120\ccs\tools\compiler\ti-cgt-c2000_22.6.1.LTS\lib\</path>
         <kind>archive</kind>
         <file>rts2800_fpu32.lib</file>
         <name>s_copysign.c.obj</name>
      </input_file>
      <input_file id="fl-7d">
         <path>C:\ti\ccs1120\ccs\tools\compiler\ti-cgt-c2000_22.6.1.LTS\lib\</path>
         <kind>archive</kind>
         <file>rts2800_fpu32.lib</file>
         <name>fclose.c.obj</name>
      </input_file>
      <input_file id="fl-7e">
         <path>C:\ti\ccs1120\ccs\tools\compiler\ti-cgt-c2000_22.6.1.LTS\lib\</path>
         <kind>archive</kind>
         <file>rts2800_fpu32.lib</file>
         <name>getdevice.c.obj</name>
      </input_file>
      <input_file id="fl-7f">
         <path>C:\ti\ccs1120\ccs\tools\compiler\ti-cgt-c2000_22.6.1.LTS\lib\</path>
         <kind>archive</kind>
         <file>rts2800_fpu32.lib</file>
         <name>strcmp.c.obj</name>
      </input_file>
      <input_file id="fl-80">
         <path>C:\ti\ccs1120\ccs\tools\compiler\ti-cgt-c2000_22.6.1.LTS\lib\</path>
         <kind>archive</kind>
         <file>rts2800_fpu32.lib</file>
         <name>strncpy.c.obj</name>
      </input_file>
      <input_file id="fl-81">
         <path>C:\ti\ccs1120\ccs\tools\compiler\ti-cgt-c2000_22.6.1.LTS\lib\</path>
         <kind>archive</kind>
         <file>rts2800_fpu32.lib</file>
         <name>remove.c.obj</name>
      </input_file>
      <input_file id="fl-82">
         <path>C:\ti\ccs1120\ccs\tools\compiler\ti-cgt-c2000_22.6.1.LTS\lib\</path>
         <kind>archive</kind>
         <file>rts2800_fpu32.lib</file>
         <name>close.c.obj</name>
      </input_file>
      <input_file id="fl-83">
         <path>C:\ti\ccs1120\ccs\tools\compiler\ti-cgt-c2000_22.6.1.LTS\lib\</path>
         <kind>archive</kind>
         <file>rts2800_fpu32.lib</file>
         <name>unlink.c.obj</name>
      </input_file>
   </input_file_list>
   <object_component_list>
      <object_component id="oc-8e">
         <name>codestart</name>
         <load_address>0x0</load_address>
         <run_address>0x0</run_address>
         <size>0x2</size>
         <input_file_ref idref="fl-2"/>
      </object_component>
      <object_component id="oc-11a">
         <name>.TI.ramfunc</name>
         <load_address>0x1db</load_address>
         <run_address>0x1db</run_address>
         <size>0x4</size>
         <input_file_ref idref="fl-9"/>
      </object_component>
      <object_component id="oc-19f">
         <name>.TI.ramfunc</name>
         <load_address>0x1df</load_address>
         <run_address>0x1df</run_address>
         <size>0x4</size>
         <input_file_ref idref="fl-2c"/>
      </object_component>
      <object_component id="oc-340">
         <name>.text</name>
         <load_address>0xe000</load_address>
         <run_address>0xe000</run_address>
         <size>0x6e1</size>
         <input_file_ref idref="fl-d"/>
      </object_component>
      <object_component id="oc-32e">
         <name>.text</name>
         <load_address>0xe6e1</load_address>
         <run_address>0xe6e1</run_address>
         <size>0x1</size>
         <input_file_ref idref="fl-53"/>
      </object_component>
      <object_component id="oc-392">
         <name>.text</name>
         <load_address>0xe6e2</load_address>
         <run_address>0xe6e2</run_address>
         <size>0x6d0</size>
         <input_file_ref idref="fl-3a"/>
      </object_component>
      <object_component id="oc-38b">
         <name>.text</name>
         <load_address>0xedb2</load_address>
         <run_address>0xedb2</run_address>
         <size>0x63d</size>
         <input_file_ref idref="fl-11"/>
      </object_component>
      <object_component id="oc-361">
         <name>.text:__TI_printfi</name>
         <load_address>0xf3ef</load_address>
         <run_address>0xf3ef</run_address>
         <size>0x5f5</size>
         <input_file_ref idref="fl-3a"/>
      </object_component>
      <object_component id="oc-94">
         <name>.text:retain</name>
         <load_address>0xf9e4</load_address>
         <run_address>0xf9e4</run_address>
         <size>0x585</size>
         <input_file_ref idref="fl-3"/>
      </object_component>
      <object_component id="oc-332">
         <name>.text</name>
         <load_address>0xff69</load_address>
         <run_address>0xff69</run_address>
         <size>0x537</size>
         <input_file_ref idref="fl-a"/>
      </object_component>
      <object_component id="oc-337">
         <name>.text</name>
         <load_address>0x104a0</load_address>
         <run_address>0x104a0</run_address>
         <size>0x486</size>
         <input_file_ref idref="fl-15"/>
      </object_component>
      <object_component id="oc-347">
         <name>.text</name>
         <load_address>0x10926</load_address>
         <run_address>0x10926</run_address>
         <size>0x3fc</size>
         <input_file_ref idref="fl-b"/>
      </object_component>
      <object_component id="oc-348">
         <name>.text</name>
         <load_address>0x10d22</load_address>
         <run_address>0x10d22</run_address>
         <size>0x399</size>
         <input_file_ref idref="fl-1c"/>
      </object_component>
      <object_component id="oc-39b">
         <name>.text</name>
         <load_address>0x110bb</load_address>
         <run_address>0x110bb</run_address>
         <size>0x306</size>
         <input_file_ref idref="fl-e"/>
      </object_component>
      <object_component id="oc-3a9">
         <name>.text</name>
         <load_address>0x113c1</load_address>
         <run_address>0x113c1</run_address>
         <size>0x28c</size>
         <input_file_ref idref="fl-5e"/>
      </object_component>
      <object_component id="oc-343">
         <name>.text</name>
         <load_address>0x1164d</load_address>
         <run_address>0x1164d</run_address>
         <size>0x287</size>
         <input_file_ref idref="fl-14"/>
      </object_component>
      <object_component id="oc-339">
         <name>.text</name>
         <load_address>0x118d4</load_address>
         <run_address>0x118d4</run_address>
         <size>0x251</size>
         <input_file_ref idref="fl-13"/>
      </object_component>
      <object_component id="oc-365">
         <name>.text:_SysCtl_setClock</name>
         <load_address>0x11b25</load_address>
         <run_address>0x11b25</run_address>
         <size>0x206</size>
         <input_file_ref idref="fl-2c"/>
      </object_component>
      <object_component id="oc-346">
         <name>.text</name>
         <load_address>0x11d2b</load_address>
         <run_address>0x11d2b</run_address>
         <size>0x12d</size>
         <input_file_ref idref="fl-18"/>
      </object_component>
      <object_component id="oc-3aa">
         <name>.text</name>
         <load_address>0x11e58</load_address>
         <run_address>0x11e58</run_address>
         <size>0x121</size>
         <input_file_ref idref="fl-6d"/>
      </object_component>
      <object_component id="oc-359">
         <name>.text</name>
         <load_address>0x11f79</load_address>
         <run_address>0x11f79</run_address>
         <size>0x10f</size>
         <input_file_ref idref="fl-c"/>
      </object_component>
      <object_component id="oc-208">
         <name>.text</name>
         <load_address>0x12088</load_address>
         <run_address>0x12088</run_address>
         <size>0x107</size>
         <input_file_ref idref="fl-4b"/>
      </object_component>
      <object_component id="oc-3a4">
         <name>.text</name>
         <load_address>0x1218f</load_address>
         <run_address>0x1218f</run_address>
         <size>0xa9</size>
         <input_file_ref idref="fl-6a"/>
      </object_component>
      <object_component id="oc-35d">
         <name>.text</name>
         <load_address>0x12238</load_address>
         <run_address>0x12238</run_address>
         <size>0xa8</size>
         <input_file_ref idref="fl-3d"/>
      </object_component>
      <object_component id="oc-2c0">
         <name>.text</name>
         <load_address>0x122e0</load_address>
         <run_address>0x122e0</run_address>
         <size>0x9c</size>
         <input_file_ref idref="fl-6f"/>
      </object_component>
      <object_component id="oc-3c6">
         <name>.text</name>
         <load_address>0x1237c</load_address>
         <run_address>0x1237c</run_address>
         <size>0x95</size>
         <input_file_ref idref="fl-79"/>
      </object_component>
      <object_component id="oc-21c">
         <name>.text</name>
         <load_address>0x12411</load_address>
         <run_address>0x12411</run_address>
         <size>0x8b</size>
         <input_file_ref idref="fl-4f"/>
      </object_component>
      <object_component id="oc-3a6">
         <name>.text:_SysCtl_selectXTAL</name>
         <load_address>0x1249c</load_address>
         <run_address>0x1249c</run_address>
         <size>0x8a</size>
         <input_file_ref idref="fl-2c"/>
      </object_component>
      <object_component id="oc-1f9">
         <name>.text</name>
         <load_address>0x12526</load_address>
         <run_address>0x12526</run_address>
         <size>0x88</size>
         <input_file_ref idref="fl-48"/>
      </object_component>
      <object_component id="oc-1e0">
         <name>.text</name>
         <load_address>0x125ae</load_address>
         <run_address>0x125ae</run_address>
         <size>0x83</size>
         <input_file_ref idref="fl-43"/>
      </object_component>
      <object_component id="oc-39e">
         <name>.text</name>
         <load_address>0x12631</load_address>
         <run_address>0x12631</run_address>
         <size>0x7c</size>
         <input_file_ref idref="fl-40"/>
      </object_component>
      <object_component id="oc-38c">
         <name>.text</name>
         <load_address>0x126ad</load_address>
         <run_address>0x126ad</run_address>
         <size>0x73</size>
         <input_file_ref idref="fl-6c"/>
      </object_component>
      <object_component id="oc-3b6">
         <name>.text</name>
         <load_address>0x12720</load_address>
         <run_address>0x12720</run_address>
         <size>0x71</size>
         <input_file_ref idref="fl-7a"/>
      </object_component>
      <object_component id="oc-364">
         <name>.text:_SysCtl_getDeviceParametric</name>
         <load_address>0x12791</load_address>
         <run_address>0x12791</run_address>
         <size>0x68</size>
         <input_file_ref idref="fl-2c"/>
      </object_component>
      <object_component id="oc-38d">
         <name>.text</name>
         <load_address>0x127f9</load_address>
         <run_address>0x127f9</run_address>
         <size>0x65</size>
         <input_file_ref idref="fl-3f"/>
      </object_component>
      <object_component id="oc-3b7">
         <name>.text</name>
         <load_address>0x1285e</load_address>
         <run_address>0x1285e</run_address>
         <size>0x5d</size>
         <input_file_ref idref="fl-7d"/>
      </object_component>
      <object_component id="oc-3bc">
         <name>.text</name>
         <load_address>0x128bb</load_address>
         <run_address>0x128bb</run_address>
         <size>0x5b</size>
         <input_file_ref idref="fl-73"/>
      </object_component>
      <object_component id="oc-3a3">
         <name>.text</name>
         <load_address>0x12916</load_address>
         <run_address>0x12916</run_address>
         <size>0x5a</size>
         <input_file_ref idref="fl-69"/>
      </object_component>
      <object_component id="oc-8c">
         <name>.text</name>
         <load_address>0x12970</load_address>
         <run_address>0x12970</run_address>
         <size>0x56</size>
         <input_file_ref idref="fl-41"/>
      </object_component>
      <object_component id="oc-35c">
         <name>.text</name>
         <load_address>0x129c6</load_address>
         <run_address>0x129c6</run_address>
         <size>0x53</size>
         <input_file_ref idref="fl-3c"/>
      </object_component>
      <object_component id="oc-395">
         <name>.text</name>
         <load_address>0x12a19</load_address>
         <run_address>0x12a19</run_address>
         <size>0x52</size>
         <input_file_ref idref="fl-3e"/>
      </object_component>
      <object_component id="oc-366">
         <name>.text:_SysCtl_getClock</name>
         <load_address>0x12a6b</load_address>
         <run_address>0x12a6b</run_address>
         <size>0x51</size>
         <input_file_ref idref="fl-2c"/>
      </object_component>
      <object_component id="oc-39c">
         <name>.text</name>
         <load_address>0x12abc</load_address>
         <run_address>0x12abc</run_address>
         <size>0x51</size>
         <input_file_ref idref="fl-1f"/>
      </object_component>
      <object_component id="oc-3c1">
         <name>.text</name>
         <load_address>0x12b0d</load_address>
         <run_address>0x12b0d</run_address>
         <size>0x51</size>
         <input_file_ref idref="fl-7e"/>
      </object_component>
      <object_component id="oc-363">
         <name>.text</name>
         <load_address>0x12b5e</load_address>
         <run_address>0x12b5e</run_address>
         <size>0x50</size>
         <input_file_ref idref="fl-3b"/>
      </object_component>
      <object_component id="oc-398">
         <name>.text:_SysCtl_selectOscSource</name>
         <load_address>0x12bae</load_address>
         <run_address>0x12bae</run_address>
         <size>0x48</size>
         <input_file_ref idref="fl-2c"/>
      </object_component>
      <object_component id="oc-3be">
         <name>.text</name>
         <load_address>0x12bf6</load_address>
         <run_address>0x12bf6</run_address>
         <size>0x3e</size>
         <input_file_ref idref="fl-76"/>
      </object_component>
      <object_component id="oc-39d">
         <name>.text</name>
         <load_address>0x12c34</load_address>
         <run_address>0x12c34</run_address>
         <size>0x3d</size>
         <input_file_ref idref="fl-6e"/>
      </object_component>
      <object_component id="oc-3b8">
         <name>.text</name>
         <load_address>0x12c71</load_address>
         <run_address>0x12c71</run_address>
         <size>0x38</size>
         <input_file_ref idref="fl-74"/>
      </object_component>
      <object_component id="oc-36b">
         <name>.text:_GPIO_setControllerCore</name>
         <load_address>0x12ca9</load_address>
         <run_address>0x12ca9</run_address>
         <size>0x37</size>
         <input_file_ref idref="fl-2b"/>
      </object_component>
      <object_component id="oc-36a">
         <name>.text:_GPIO_setPinConfig</name>
         <load_address>0x12ce0</load_address>
         <run_address>0x12ce0</run_address>
         <size>0x37</size>
         <input_file_ref idref="fl-2b"/>
      </object_component>
      <object_component id="oc-369">
         <name>.text:_GPIO_setQualificationMode</name>
         <load_address>0x12d17</load_address>
         <run_address>0x12d17</run_address>
         <size>0x37</size>
         <input_file_ref idref="fl-2b"/>
      </object_component>
      <object_component id="oc-3bb">
         <name>.text</name>
         <load_address>0x12d4e</load_address>
         <run_address>0x12d4e</run_address>
         <size>0x37</size>
         <input_file_ref idref="fl-78"/>
      </object_component>
      <object_component id="oc-3ba">
         <name>.text</name>
         <load_address>0x12d85</load_address>
         <run_address>0x12d85</run_address>
         <size>0x36</size>
         <input_file_ref idref="fl-75"/>
      </object_component>
      <object_component id="oc-345">
         <name>.text</name>
         <load_address>0x12dbb</load_address>
         <run_address>0x12dbb</run_address>
         <size>0x34</size>
         <input_file_ref idref="fl-39"/>
      </object_component>
      <object_component id="oc-3c2">
         <name>.text</name>
         <load_address>0x12def</load_address>
         <run_address>0x12def</run_address>
         <size>0x33</size>
         <input_file_ref idref="fl-82"/>
      </object_component>
      <object_component id="oc-368">
         <name>.text:_GPIO_setDirectionMode</name>
         <load_address>0x12e22</load_address>
         <run_address>0x12e22</run_address>
         <size>0x31</size>
         <input_file_ref idref="fl-2b"/>
      </object_component>
      <object_component id="oc-390">
         <name>.text</name>
         <load_address>0x12e53</load_address>
         <run_address>0x12e53</run_address>
         <size>0x31</size>
         <input_file_ref idref="fl-59"/>
      </object_component>
      <object_component id="oc-3a2">
         <name>.text</name>
         <load_address>0x12e84</load_address>
         <run_address>0x12e84</run_address>
         <size>0x30</size>
         <input_file_ref idref="fl-56"/>
      </object_component>
      <object_component id="oc-3a7">
         <name>.text</name>
         <load_address>0x12eb4</load_address>
         <run_address>0x12eb4</run_address>
         <size>0x2b</size>
         <input_file_ref idref="fl-60"/>
      </object_component>
      <object_component id="oc-1db">
         <name>.text</name>
         <load_address>0x12edf</load_address>
         <run_address>0x12edf</run_address>
         <size>0x2a</size>
         <input_file_ref idref="fl-42"/>
      </object_component>
      <object_component id="oc-2c5">
         <name>.text</name>
         <load_address>0x12f09</load_address>
         <run_address>0x12f09</run_address>
         <size>0x2a</size>
         <input_file_ref idref="fl-70"/>
      </object_component>
      <object_component id="oc-330">
         <name>.text</name>
         <load_address>0x12f33</load_address>
         <run_address>0x12f33</run_address>
         <size>0x29</size>
         <input_file_ref idref="fl-54"/>
      </object_component>
      <object_component id="oc-3b9">
         <name>.text</name>
         <load_address>0x12f5c</load_address>
         <run_address>0x12f5c</run_address>
         <size>0x27</size>
         <input_file_ref idref="fl-72"/>
      </object_component>
      <object_component id="oc-32d">
         <name>.text</name>
         <load_address>0x12f83</load_address>
         <run_address>0x12f83</run_address>
         <size>0x24</size>
         <input_file_ref idref="fl-50"/>
      </object_component>
      <object_component id="oc-3bd">
         <name>.text</name>
         <load_address>0x12fa7</load_address>
         <run_address>0x12fa7</run_address>
         <size>0x24</size>
         <input_file_ref idref="fl-77"/>
      </object_component>
      <object_component id="oc-3ad">
         <name>.text</name>
         <load_address>0x12fcb</load_address>
         <run_address>0x12fcb</run_address>
         <size>0x24</size>
         <input_file_ref idref="fl-7c"/>
      </object_component>
      <object_component id="oc-3b1">
         <name>.text:_CPUTimer_selectClockSource</name>
         <load_address>0x12fef</load_address>
         <run_address>0x12fef</run_address>
         <size>0x21</size>
         <input_file_ref idref="fl-2c"/>
      </object_component>
      <object_component id="oc-1ef">
         <name>.text</name>
         <load_address>0x13010</load_address>
         <run_address>0x13010</run_address>
         <size>0x21</size>
         <input_file_ref idref="fl-46"/>
      </object_component>
      <object_component id="oc-3c0">
         <name>.text:_CPUTimer_getTimerOverflowStatus</name>
         <load_address>0x13031</load_address>
         <run_address>0x13031</run_address>
         <size>0x1f</size>
         <input_file_ref idref="fl-2c"/>
      </object_component>
      <object_component id="oc-1f4">
         <name>.text</name>
         <load_address>0x13050</load_address>
         <run_address>0x13050</run_address>
         <size>0x1f</size>
         <input_file_ref idref="fl-47"/>
      </object_component>
      <object_component id="oc-203">
         <name>.text</name>
         <load_address>0x1306f</load_address>
         <run_address>0x1306f</run_address>
         <size>0x1e</size>
         <input_file_ref idref="fl-4a"/>
      </object_component>
      <object_component id="oc-20d">
         <name>.text</name>
         <load_address>0x1308d</load_address>
         <run_address>0x1308d</run_address>
         <size>0x1d</size>
         <input_file_ref idref="fl-4c"/>
      </object_component>
      <object_component id="oc-331">
         <name>.text</name>
         <load_address>0x130aa</load_address>
         <run_address>0x130aa</run_address>
         <size>0x1d</size>
         <input_file_ref idref="fl-51"/>
      </object_component>
      <object_component id="oc-217">
         <name>.text</name>
         <load_address>0x130c7</load_address>
         <run_address>0x130c7</run_address>
         <size>0x1c</size>
         <input_file_ref idref="fl-4e"/>
      </object_component>
      <object_component id="oc-212">
         <name>.text</name>
         <load_address>0x130e3</load_address>
         <run_address>0x130e3</run_address>
         <size>0x1c</size>
         <input_file_ref idref="fl-4d"/>
      </object_component>
      <object_component id="oc-3b3">
         <name>.text:_CPUTimer_startTimer</name>
         <load_address>0x130ff</load_address>
         <run_address>0x130ff</run_address>
         <size>0x1a</size>
         <input_file_ref idref="fl-2c"/>
      </object_component>
      <object_component id="oc-367">
         <name>.text:_SysCtl_getLowSpeedClock</name>
         <load_address>0x13119</load_address>
         <run_address>0x13119</run_address>
         <size>0x1a</size>
         <input_file_ref idref="fl-2c"/>
      </object_component>
      <object_component id="oc-396">
         <name>.text</name>
         <load_address>0x13133</load_address>
         <run_address>0x13133</run_address>
         <size>0x19</size>
         <input_file_ref idref="fl-66"/>
      </object_component>
      <object_component id="oc-3c9">
         <name>.text</name>
         <load_address>0x1314c</load_address>
         <run_address>0x1314c</run_address>
         <size>0x19</size>
         <input_file_ref idref="fl-83"/>
      </object_component>
      <object_component id="oc-38e">
         <name>.text</name>
         <load_address>0x13165</load_address>
         <run_address>0x13165</run_address>
         <size>0x19</size>
         <input_file_ref idref="fl-64"/>
      </object_component>
      <object_component id="oc-1fe">
         <name>.text</name>
         <load_address>0x1317e</load_address>
         <run_address>0x1317e</run_address>
         <size>0x18</size>
         <input_file_ref idref="fl-49"/>
      </object_component>
      <object_component id="oc-3a8">
         <name>.text</name>
         <load_address>0x13196</load_address>
         <run_address>0x13196</run_address>
         <size>0x18</size>
         <input_file_ref idref="fl-7b"/>
      </object_component>
      <object_component id="oc-3bf">
         <name>.text:_CPUTimer_isBaseValid</name>
         <load_address>0x131ae</load_address>
         <run_address>0x131ae</run_address>
         <size>0x17</size>
         <input_file_ref idref="fl-2c"/>
      </object_component>
      <object_component id="oc-3c8">
         <name>.text</name>
         <load_address>0x131c5</load_address>
         <run_address>0x131c5</run_address>
         <size>0x15</size>
         <input_file_ref idref="fl-80"/>
      </object_component>
      <object_component id="oc-3af">
         <name>.text:_CPUTimer_stopTimer</name>
         <load_address>0x131da</load_address>
         <run_address>0x131da</run_address>
         <size>0x14</size>
         <input_file_ref idref="fl-2c"/>
      </object_component>
      <object_component id="oc-3b2">
         <name>.text:_CPUTimer_clearOverflowFlag</name>
         <load_address>0x131ee</load_address>
         <run_address>0x131ee</run_address>
         <size>0x12</size>
         <input_file_ref idref="fl-2c"/>
      </object_component>
      <object_component id="oc-3ae">
         <name>.text:_CPUTimer_disableInterrupt</name>
         <load_address>0x13200</load_address>
         <run_address>0x13200</run_address>
         <size>0x12</size>
         <input_file_ref idref="fl-2c"/>
      </object_component>
      <object_component id="oc-32f">
         <name>.text</name>
         <load_address>0x13212</load_address>
         <run_address>0x13212</run_address>
         <size>0x12</size>
         <input_file_ref idref="fl-57"/>
      </object_component>
      <object_component id="oc-3b0">
         <name>.text:_CPUTimer_setPeriod</name>
         <load_address>0x13224</load_address>
         <run_address>0x13224</run_address>
         <size>0x11</size>
         <input_file_ref idref="fl-2c"/>
      </object_component>
      <object_component id="oc-393">
         <name>.text</name>
         <load_address>0x13235</load_address>
         <run_address>0x13235</run_address>
         <size>0x10</size>
         <input_file_ref idref="fl-5c"/>
      </object_component>
      <object_component id="oc-3b4">
         <name>.text:_SysCtl_pollCpuTimer</name>
         <load_address>0x13245</load_address>
         <run_address>0x13245</run_address>
         <size>0xf</size>
         <input_file_ref idref="fl-2c"/>
      </object_component>
      <object_component id="oc-39a">
         <name>.text:_GPIO_isPinValid</name>
         <load_address>0x13254</load_address>
         <run_address>0x13254</run_address>
         <size>0xe</size>
         <input_file_ref idref="fl-2b"/>
      </object_component>
      <object_component id="oc-1ea">
         <name>.text</name>
         <load_address>0x13262</load_address>
         <run_address>0x13262</run_address>
         <size>0xe</size>
         <input_file_ref idref="fl-45"/>
      </object_component>
      <object_component id="oc-35a">
         <name>.text</name>
         <load_address>0x13270</load_address>
         <run_address>0x13270</run_address>
         <size>0xd</size>
         <input_file_ref idref="fl-58"/>
      </object_component>
      <object_component id="oc-38f">
         <name>.text</name>
         <load_address>0x1327d</load_address>
         <run_address>0x1327d</run_address>
         <size>0xd</size>
         <input_file_ref idref="fl-5d"/>
      </object_component>
      <object_component id="oc-3a5">
         <name>.text</name>
         <load_address>0x1328a</load_address>
         <run_address>0x1328a</run_address>
         <size>0xc</size>
         <input_file_ref idref="fl-61"/>
      </object_component>
      <object_component id="oc-397">
         <name>.text:_SysCtl_isMCDClockFailureDetected</name>
         <load_address>0x13296</load_address>
         <run_address>0x13296</run_address>
         <size>0xb</size>
         <input_file_ref idref="fl-2c"/>
      </object_component>
      <object_component id="oc-3c7">
         <name>.text</name>
         <load_address>0x132a1</load_address>
         <run_address>0x132a1</run_address>
         <size>0xa</size>
         <input_file_ref idref="fl-7f"/>
      </object_component>
      <object_component id="oc-399">
         <name>.text:_SysCtl_serviceWatchdog</name>
         <load_address>0x132ab</load_address>
         <run_address>0x132ab</run_address>
         <size>0x9</size>
         <input_file_ref idref="fl-2c"/>
      </object_component>
      <object_component id="oc-357">
         <name>.text</name>
         <load_address>0x132b4</load_address>
         <run_address>0x132b4</run_address>
         <size>0x9</size>
         <input_file_ref idref="fl-55"/>
      </object_component>
      <object_component id="oc-1e5">
         <name>.text</name>
         <load_address>0x132bd</load_address>
         <run_address>0x132bd</run_address>
         <size>0x9</size>
         <input_file_ref idref="fl-44"/>
      </object_component>
      <object_component id="oc-394">
         <name>.text</name>
         <load_address>0x132c6</load_address>
         <run_address>0x132c6</run_address>
         <size>0x9</size>
         <input_file_ref idref="fl-6b"/>
      </object_component>
      <object_component id="oc-8d">
         <name>.text</name>
         <load_address>0x132cf</load_address>
         <run_address>0x132cf</run_address>
         <size>0x8</size>
         <input_file_ref idref="fl-2"/>
      </object_component>
      <object_component id="oc-33f">
         <name>.text</name>
         <load_address>0x132d7</load_address>
         <run_address>0x132d7</run_address>
         <size>0x8</size>
         <input_file_ref idref="fl-63"/>
      </object_component>
      <object_component id="oc-3b5">
         <name>.text:_SysCtl_resetMCD</name>
         <load_address>0x132df</load_address>
         <run_address>0x132df</run_address>
         <size>0x7</size>
         <input_file_ref idref="fl-2c"/>
      </object_component>
      <object_component id="oc-38a">
         <name>.text</name>
         <load_address>0x132e6</load_address>
         <run_address>0x132e6</run_address>
         <size>0x7</size>
         <input_file_ref idref="fl-5f"/>
      </object_component>
      <object_component id="oc-391">
         <name>.text</name>
         <load_address>0x132ed</load_address>
         <run_address>0x132ed</run_address>
         <size>0x5</size>
         <input_file_ref idref="fl-62"/>
      </object_component>
      <object_component id="oc-3c4">
         <name>.text</name>
         <load_address>0x132f2</load_address>
         <run_address>0x132f2</run_address>
         <size>0x3</size>
         <input_file_ref idref="fl-81"/>
      </object_component>
      <object_component id="oc-32c">
         <name>.text</name>
         <load_address>0x132f5</load_address>
         <run_address>0x132f5</run_address>
         <size>0x2</size>
         <input_file_ref idref="fl-52"/>
      </object_component>
      <object_component id="oc-120">
         <name>.cinit</name>
         <load_address>0x122</load_address>
         <run_address>0x122</run_address>
         <size>0x28</size>
         <input_file_ref idref="fl-a"/>
      </object_component>
      <object_component id="oc-35f">
         <name>.cinit:__ftable</name>
         <load_address>0x14a</load_address>
         <run_address>0x14a</run_address>
         <size>0x26</size>
         <input_file_ref idref="fl-5b"/>
      </object_component>
      <object_component id="oc-3ac">
         <name>.cinit:__device</name>
         <load_address>0x170</load_address>
         <run_address>0x170</run_address>
         <size>0x1b</size>
         <input_file_ref idref="fl-65"/>
      </object_component>
      <object_component id="oc-128">
         <name>.cinit</name>
         <load_address>0x18b</load_address>
         <run_address>0x18b</run_address>
         <size>0xf</size>
         <input_file_ref idref="fl-b"/>
      </object_component>
      <object_component id="oc-3a0">
         <name>.cinit:__stream</name>
         <load_address>0x19a</load_address>
         <run_address>0x19a</run_address>
         <size>0xe</size>
         <input_file_ref idref="fl-65"/>
      </object_component>
      <object_component id="oc-236">
         <name>.cinit</name>
         <load_address>0x1a8</load_address>
         <run_address>0x1a8</run_address>
         <size>0xe</size>
         <input_file_ref idref="fl-54"/>
      </object_component>
      <object_component id="oc-334">
         <name>.cinit:__lock</name>
         <load_address>0x1b6</load_address>
         <run_address>0x1b6</run_address>
         <size>0x5</size>
         <input_file_ref idref="fl-55"/>
      </object_component>
      <object_component id="oc-358">
         <name>.cinit:__unlock</name>
         <load_address>0x1bb</load_address>
         <run_address>0x1bb</run_address>
         <size>0x5</size>
         <input_file_ref idref="fl-55"/>
      </object_component>
      <object_component id="oc-273">
         <name>.cinit</name>
         <load_address>0x1c0</load_address>
         <run_address>0x1c0</run_address>
         <size>0x5</size>
         <input_file_ref idref="fl-60"/>
      </object_component>
      <object_component id="oc-258">
         <name>.cinit</name>
         <load_address>0x1c5</load_address>
         <run_address>0x1c5</run_address>
         <size>0x4</size>
         <input_file_ref idref="fl-5b"/>
      </object_component>
      <object_component id="oc-29b">
         <name>.cinit</name>
         <load_address>0x1c9</load_address>
         <run_address>0x1c9</run_address>
         <size>0x4</size>
         <input_file_ref idref="fl-68"/>
      </object_component>
      <object_component id="oc-2b5">
         <name>.cinit</name>
         <load_address>0x1cd</load_address>
         <run_address>0x1cd</run_address>
         <size>0x4</size>
         <input_file_ref idref="fl-6d"/>
      </object_component>
      <object_component id="oc-266">
         <name>.cinit</name>
         <load_address>0x1d1</load_address>
         <run_address>0x1d1</run_address>
         <size>0x4</size>
         <input_file_ref idref="fl-5e"/>
      </object_component>
      <object_component id="oc-2f9">
         <name>.cinit</name>
         <load_address>0x1d5</load_address>
         <run_address>0x1d5</run_address>
         <size>0x4</size>
         <input_file_ref idref="fl-7a"/>
      </object_component>
      <object_component id="oc-1d6">
         <name>.reset</name>
         <load_address>0x3fffc0</load_address>
         <run_address>0x3fffc0</run_address>
         <size>0x2</size>
         <input_file_ref idref="fl-41"/>
      </object_component>
      <object_component id="oc-1d5">
         <name>.stack</name>
         <uninitialized>true</uninitialized>
         <run_address>0x400</run_address>
         <size>0x0</size>
         <input_file_ref idref="fl-41"/>
      </object_component>
      <object_component id="oc-45d">
         <name>.stack</name>
         <uninitialized>true</uninitialized>
         <run_address>0x400</run_address>
         <size>0x0</size>
      </object_component>
      <object_component id="oc-121">
         <name>.ebss</name>
         <uninitialized>true</uninitialized>
         <run_address>0x15000</run_address>
         <size>0x1b2</size>
         <input_file_ref idref="fl-a"/>
      </object_component>
      <object_component id="oc-336">
         <name>.ebss:_R1</name>
         <uninitialized>true</uninitialized>
         <run_address>0x15380</run_address>
         <size>0x22</size>
         <input_file_ref idref="fl-a"/>
      </object_component>
      <object_component id="oc-33a">
         <name>.ebss:_R2</name>
         <uninitialized>true</uninitialized>
         <run_address>0x153c0</run_address>
         <size>0x22</size>
         <input_file_ref idref="fl-a"/>
      </object_component>
      <object_component id="oc-33c">
         <name>.ebss:_R3</name>
         <uninitialized>true</uninitialized>
         <run_address>0x15400</run_address>
         <size>0x22</size>
         <input_file_ref idref="fl-a"/>
      </object_component>
      <object_component id="oc-33d">
         <name>.ebss:_R4</name>
         <uninitialized>true</uninitialized>
         <run_address>0x15440</run_address>
         <size>0x22</size>
         <input_file_ref idref="fl-a"/>
      </object_component>
      <object_component id="oc-33b">
         <name>.ebss:_R5</name>
         <uninitialized>true</uninitialized>
         <run_address>0x15480</run_address>
         <size>0x22</size>
         <input_file_ref idref="fl-a"/>
      </object_component>
      <object_component id="oc-33e">
         <name>.ebss:_R6</name>
         <uninitialized>true</uninitialized>
         <run_address>0x154c0</run_address>
         <size>0x22</size>
         <input_file_ref idref="fl-a"/>
      </object_component>
      <object_component id="oc-338">
         <name>.ebss:_tempReg</name>
         <uninitialized>true</uninitialized>
         <run_address>0x15980</run_address>
         <size>0x22</size>
         <input_file_ref idref="fl-a"/>
      </object_component>
      <object_component id="oc-335">
         <name>.ebss:_rsquared</name>
         <uninitialized>true</uninitialized>
         <run_address>0x15940</run_address>
         <size>0x22</size>
         <input_file_ref idref="fl-a"/>
      </object_component>
      <object_component id="oc-349">
         <name>.ebss:_q0x</name>
         <uninitialized>true</uninitialized>
         <run_address>0x15640</run_address>
         <size>0x22</size>
         <input_file_ref idref="fl-a"/>
      </object_component>
      <object_component id="oc-34a">
         <name>.ebss:_q0y</name>
         <uninitialized>true</uninitialized>
         <run_address>0x15680</run_address>
         <size>0x22</size>
         <input_file_ref idref="fl-a"/>
      </object_component>
      <object_component id="oc-34b">
         <name>.ebss:_q0z</name>
         <uninitialized>true</uninitialized>
         <run_address>0x156c0</run_address>
         <size>0x22</size>
         <input_file_ref idref="fl-a"/>
      </object_component>
      <object_component id="oc-34c">
         <name>.ebss:_q0w</name>
         <uninitialized>true</uninitialized>
         <run_address>0x15600</run_address>
         <size>0x22</size>
         <input_file_ref idref="fl-a"/>
      </object_component>
      <object_component id="oc-34d">
         <name>.ebss:_p0x</name>
         <uninitialized>true</uninitialized>
         <run_address>0x15540</run_address>
         <size>0x22</size>
         <input_file_ref idref="fl-a"/>
      </object_component>
      <object_component id="oc-34e">
         <name>.ebss:_p0y</name>
         <uninitialized>true</uninitialized>
         <run_address>0x15580</run_address>
         <size>0x22</size>
         <input_file_ref idref="fl-a"/>
      </object_component>
      <object_component id="oc-34f">
         <name>.ebss:_p0z</name>
         <uninitialized>true</uninitialized>
         <run_address>0x155c0</run_address>
         <size>0x22</size>
         <input_file_ref idref="fl-a"/>
      </object_component>
      <object_component id="oc-350">
         <name>.ebss:_r0x</name>
         <uninitialized>true</uninitialized>
         <run_address>0x15800</run_address>
         <size>0x22</size>
         <input_file_ref idref="fl-a"/>
      </object_component>
      <object_component id="oc-351">
         <name>.ebss:_r0y</name>
         <uninitialized>true</uninitialized>
         <run_address>0x15840</run_address>
         <size>0x22</size>
         <input_file_ref idref="fl-a"/>
      </object_component>
      <object_component id="oc-352">
         <name>.ebss:_r0z</name>
         <uninitialized>true</uninitialized>
         <run_address>0x15880</run_address>
         <size>0x22</size>
         <input_file_ref idref="fl-a"/>
      </object_component>
      <object_component id="oc-353">
         <name>.ebss:_r0w</name>
         <uninitialized>true</uninitialized>
         <run_address>0x157c0</run_address>
         <size>0x22</size>
         <input_file_ref idref="fl-a"/>
      </object_component>
      <object_component id="oc-354">
         <name>.ebss:_qx_temp</name>
         <uninitialized>true</uninitialized>
         <run_address>0x15700</run_address>
         <size>0x22</size>
         <input_file_ref idref="fl-a"/>
      </object_component>
      <object_component id="oc-355">
         <name>.ebss:_qy_temp</name>
         <uninitialized>true</uninitialized>
         <run_address>0x15740</run_address>
         <size>0x22</size>
         <input_file_ref idref="fl-a"/>
      </object_component>
      <object_component id="oc-356">
         <name>.ebss:_qz_temp</name>
         <uninitialized>true</uninitialized>
         <run_address>0x15780</run_address>
         <size>0x22</size>
         <input_file_ref idref="fl-a"/>
      </object_component>
      <object_component id="oc-341">
         <name>.ebss:_ZTrans</name>
         <uninitialized>true</uninitialized>
         <run_address>0x15500</run_address>
         <size>0x22</size>
         <input_file_ref idref="fl-a"/>
      </object_component>
      <object_component id="oc-342">
         <name>.ebss:_result_X</name>
         <uninitialized>true</uninitialized>
         <run_address>0x158c0</run_address>
         <size>0x22</size>
         <input_file_ref idref="fl-a"/>
      </object_component>
      <object_component id="oc-344">
         <name>.ebss:_result_Y</name>
         <uninitialized>true</uninitialized>
         <run_address>0x15900</run_address>
         <size>0x22</size>
         <input_file_ref idref="fl-a"/>
      </object_component>
      <object_component id="oc-129">
         <name>.ebss</name>
         <uninitialized>true</uninitialized>
         <run_address>0x151ba</run_address>
         <size>0x6</size>
         <input_file_ref idref="fl-b"/>
      </object_component>
      <object_component id="oc-237">
         <name>.ebss</name>
         <uninitialized>true</uninitialized>
         <run_address>0x15260</run_address>
         <size>0x6</size>
         <input_file_ref idref="fl-54"/>
      </object_component>
      <object_component id="oc-333">
         <name>.ebss:__lock</name>
         <uninitialized>true</uninitialized>
         <run_address>0x1526a</run_address>
         <size>0x2</size>
         <input_file_ref idref="fl-55"/>
      </object_component>
      <object_component id="oc-360">
         <name>.ebss:__unlock</name>
         <uninitialized>true</uninitialized>
         <run_address>0x1526c</run_address>
         <size>0x2</size>
         <input_file_ref idref="fl-55"/>
      </object_component>
      <object_component id="oc-259">
         <name>.ebss</name>
         <uninitialized>true</uninitialized>
         <run_address>0x15270</run_address>
         <size>0x1</size>
         <input_file_ref idref="fl-5b"/>
      </object_component>
      <object_component id="oc-35e">
         <name>.ebss:__ftable</name>
         <uninitialized>true</uninitialized>
         <run_address>0x15280</run_address>
         <size>0x78</size>
         <input_file_ref idref="fl-5b"/>
      </object_component>
      <object_component id="oc-3c3">
         <name>.ebss:___TI_tmpnams</name>
         <uninitialized>true</uninitialized>
         <run_address>0x151c0</run_address>
         <size>0xa0</size>
         <input_file_ref idref="fl-5b"/>
      </object_component>
      <object_component id="oc-267">
         <name>.ebss</name>
         <uninitialized>true</uninitialized>
         <run_address>0x15266</run_address>
         <size>0x4</size>
         <input_file_ref idref="fl-5e"/>
      </object_component>
      <object_component id="oc-274">
         <name>.ebss</name>
         <uninitialized>true</uninitialized>
         <run_address>0x1526e</run_address>
         <size>0x2</size>
         <input_file_ref idref="fl-60"/>
      </object_component>
      <object_component id="oc-39f">
         <name>.ebss:__stream</name>
         <uninitialized>true</uninitialized>
         <run_address>0x15348</run_address>
         <size>0x28</size>
         <input_file_ref idref="fl-65"/>
      </object_component>
      <object_component id="oc-3ab">
         <name>.ebss:__device</name>
         <uninitialized>true</uninitialized>
         <run_address>0x15300</run_address>
         <size>0x48</size>
         <input_file_ref idref="fl-65"/>
      </object_component>
      <object_component id="oc-29c">
         <name>.ebss</name>
         <uninitialized>true</uninitialized>
         <run_address>0x15271</run_address>
         <size>0x1</size>
         <input_file_ref idref="fl-68"/>
      </object_component>
      <object_component id="oc-2b6">
         <name>.ebss</name>
         <uninitialized>true</uninitialized>
         <run_address>0x15272</run_address>
         <size>0x1</size>
         <input_file_ref idref="fl-6d"/>
      </object_component>
      <object_component id="oc-3c5">
         <name>.ebss:_parmbuf</name>
         <uninitialized>true</uninitialized>
         <run_address>0x151b2</run_address>
         <size>0x8</size>
         <input_file_ref idref="fl-74"/>
      </object_component>
      <object_component id="oc-2fa">
         <name>.ebss</name>
         <uninitialized>true</uninitialized>
         <run_address>0x15273</run_address>
         <size>0x1</size>
         <input_file_ref idref="fl-7a"/>
      </object_component>
      <object_component id="oc-136">
         <name>.econst:.string</name>
         <load_address>0x16000</load_address>
         <run_address>0x16000</run_address>
         <size>0xbb6</size>
         <input_file_ref idref="fl-d"/>
      </object_component>
      <object_component id="oc-130">
         <name>.econst:.string</name>
         <load_address>0x16bb6</load_address>
         <run_address>0x16bb6</run_address>
         <size>0x253</size>
         <input_file_ref idref="fl-c"/>
      </object_component>
      <object_component id="oc-122">
         <name>.econst:.string</name>
         <load_address>0x16e0a</load_address>
         <run_address>0x16e0a</run_address>
         <size>0x1e5</size>
         <input_file_ref idref="fl-a"/>
      </object_component>
      <object_component id="oc-3a1">
         <name>.econst:.string:__ctypes_</name>
         <load_address>0x16fef</load_address>
         <run_address>0x16fef</run_address>
         <size>0x101</size>
         <input_file_ref idref="fl-5a"/>
      </object_component>
      <object_component id="oc-1a0">
         <name>.econst:.string</name>
         <load_address>0x170f0</load_address>
         <run_address>0x170f0</run_address>
         <size>0xc2</size>
         <input_file_ref idref="fl-2c"/>
      </object_component>
      <object_component id="oc-199">
         <name>.econst:.string</name>
         <load_address>0x171b2</load_address>
         <run_address>0x171b2</run_address>
         <size>0xbc</size>
         <input_file_ref idref="fl-2b"/>
      </object_component>
      <object_component id="oc-183">
         <name>.econst:.string</name>
         <load_address>0x1726e</load_address>
         <run_address>0x1726e</run_address>
         <size>0x39</size>
         <input_file_ref idref="fl-1c"/>
      </object_component>
      <object_component id="oc-18e">
         <name>.econst:.string</name>
         <load_address>0x172a8</load_address>
         <run_address>0x172a8</run_address>
         <size>0x31</size>
         <input_file_ref idref="fl-1e"/>
      </object_component>
      <object_component id="oc-1b1">
         <name>.econst:.string</name>
         <load_address>0x172da</load_address>
         <run_address>0x172da</run_address>
         <size>0x26</size>
         <input_file_ref idref="fl-3a"/>
      </object_component>
      <object_component id="oc-386">
         <name>.econst:_SECP521R1_A</name>
         <load_address>0x17300</load_address>
         <run_address>0x17300</run_address>
         <size>0x22</size>
         <input_file_ref idref="fl-1c"/>
      </object_component>
      <object_component id="oc-387">
         <name>.econst:_SECP521R1_B</name>
         <load_address>0x17322</load_address>
         <run_address>0x17322</run_address>
         <size>0x22</size>
         <input_file_ref idref="fl-1c"/>
      </object_component>
      <object_component id="oc-388">
         <name>.econst:_SECP521R1_BASE_X</name>
         <load_address>0x17344</load_address>
         <run_address>0x17344</run_address>
         <size>0x22</size>
         <input_file_ref idref="fl-1c"/>
      </object_component>
      <object_component id="oc-389">
         <name>.econst:_SECP521R1_BASE_Y</name>
         <load_address>0x17366</load_address>
         <run_address>0x17366</run_address>
         <size>0x22</size>
         <input_file_ref idref="fl-1c"/>
      </object_component>
      <object_component id="oc-385">
         <name>.econst:_SECP521R1_ORDER_N</name>
         <load_address>0x17388</load_address>
         <run_address>0x17388</run_address>
         <size>0x22</size>
         <input_file_ref idref="fl-1c"/>
      </object_component>
      <object_component id="oc-384">
         <name>.econst:_SECP521R1_PRIME</name>
         <load_address>0x173aa</load_address>
         <run_address>0x173aa</run_address>
         <size>0x22</size>
         <input_file_ref idref="fl-1c"/>
      </object_component>
      <object_component id="oc-182">
         <name>.econst</name>
         <load_address>0x173cc</load_address>
         <run_address>0x173cc</run_address>
         <size>0x1e</size>
         <input_file_ref idref="fl-1c"/>
      </object_component>
      <object_component id="oc-1b0">
         <name>.econst</name>
         <load_address>0x173ea</load_address>
         <run_address>0x173ea</run_address>
         <size>0x1c</size>
         <input_file_ref idref="fl-3a"/>
      </object_component>
      <object_component id="oc-2a5">
         <name>.econst</name>
         <load_address>0x17406</load_address>
         <run_address>0x17406</run_address>
         <size>0x1c</size>
         <input_file_ref idref="fl-6a"/>
      </object_component>
      <object_component id="oc-380">
         <name>.econst:_SECP384R1_A</name>
         <load_address>0x17422</load_address>
         <run_address>0x17422</run_address>
         <size>0x18</size>
         <input_file_ref idref="fl-1c"/>
      </object_component>
      <object_component id="oc-381">
         <name>.econst:_SECP384R1_B</name>
         <load_address>0x1743a</load_address>
         <run_address>0x1743a</run_address>
         <size>0x18</size>
         <input_file_ref idref="fl-1c"/>
      </object_component>
      <object_component id="oc-382">
         <name>.econst:_SECP384R1_BASE_X</name>
         <load_address>0x17452</load_address>
         <run_address>0x17452</run_address>
         <size>0x18</size>
         <input_file_ref idref="fl-1c"/>
      </object_component>
      <object_component id="oc-383">
         <name>.econst:_SECP384R1_BASE_Y</name>
         <load_address>0x1746a</load_address>
         <run_address>0x1746a</run_address>
         <size>0x18</size>
         <input_file_ref idref="fl-1c"/>
      </object_component>
      <object_component id="oc-37f">
         <name>.econst:_SECP384R1_ORDER_N</name>
         <load_address>0x17482</load_address>
         <run_address>0x17482</run_address>
         <size>0x18</size>
         <input_file_ref idref="fl-1c"/>
      </object_component>
      <object_component id="oc-37e">
         <name>.econst:_SECP384R1_PRIME</name>
         <load_address>0x1749a</load_address>
         <run_address>0x1749a</run_address>
         <size>0x18</size>
         <input_file_ref idref="fl-1c"/>
      </object_component>
      <object_component id="oc-12a">
         <name>.econst:.string</name>
         <load_address>0x174b2</load_address>
         <run_address>0x174b2</run_address>
         <size>0x13</size>
         <input_file_ref idref="fl-b"/>
      </object_component>
      <object_component id="oc-35b">
         <name>.econst:.string:_$P$T0$1</name>
         <load_address>0x174c5</load_address>
         <run_address>0x174c5</run_address>
         <size>0x10</size>
         <input_file_ref idref="fl-d"/>
      </object_component>
      <object_component id="oc-362">
         <name>.econst:.string:_hex_lookup</name>
         <load_address>0x174d5</load_address>
         <run_address>0x174d5</run_address>
         <size>0x10</size>
         <input_file_ref idref="fl-18"/>
      </object_component>
      <object_component id="oc-37a">
         <name>.econst:_SECP256R1_A</name>
         <load_address>0x174e6</load_address>
         <run_address>0x174e6</run_address>
         <size>0x10</size>
         <input_file_ref idref="fl-1c"/>
      </object_component>
      <object_component id="oc-37b">
         <name>.econst:_SECP256R1_B</name>
         <load_address>0x174f6</load_address>
         <run_address>0x174f6</run_address>
         <size>0x10</size>
         <input_file_ref idref="fl-1c"/>
      </object_component>
      <object_component id="oc-37c">
         <name>.econst:_SECP256R1_BASE_X</name>
         <load_address>0x17506</load_address>
         <run_address>0x17506</run_address>
         <size>0x10</size>
         <input_file_ref idref="fl-1c"/>
      </object_component>
      <object_component id="oc-37d">
         <name>.econst:_SECP256R1_BASE_Y</name>
         <load_address>0x17516</load_address>
         <run_address>0x17516</run_address>
         <size>0x10</size>
         <input_file_ref idref="fl-1c"/>
      </object_component>
      <object_component id="oc-379">
         <name>.econst:_SECP256R1_ORDER_N</name>
         <load_address>0x17526</load_address>
         <run_address>0x17526</run_address>
         <size>0x10</size>
         <input_file_ref idref="fl-1c"/>
      </object_component>
      <object_component id="oc-378">
         <name>.econst:_SECP256R1_PRIME</name>
         <load_address>0x17536</load_address>
         <run_address>0x17536</run_address>
         <size>0x10</size>
         <input_file_ref idref="fl-1c"/>
      </object_component>
      <object_component id="oc-374">
         <name>.econst:_SECP224R1_A</name>
         <load_address>0x17546</load_address>
         <run_address>0x17546</run_address>
         <size>0xe</size>
         <input_file_ref idref="fl-1c"/>
      </object_component>
      <object_component id="oc-375">
         <name>.econst:_SECP224R1_B</name>
         <load_address>0x17554</load_address>
         <run_address>0x17554</run_address>
         <size>0xe</size>
         <input_file_ref idref="fl-1c"/>
      </object_component>
      <object_component id="oc-376">
         <name>.econst:_SECP224R1_BASE_X</name>
         <load_address>0x17562</load_address>
         <run_address>0x17562</run_address>
         <size>0xe</size>
         <input_file_ref idref="fl-1c"/>
      </object_component>
      <object_component id="oc-377">
         <name>.econst:_SECP224R1_BASE_Y</name>
         <load_address>0x17570</load_address>
         <run_address>0x17570</run_address>
         <size>0xe</size>
         <input_file_ref idref="fl-1c"/>
      </object_component>
      <object_component id="oc-373">
         <name>.econst:_SECP224R1_ORDER_N</name>
         <load_address>0x1757e</load_address>
         <run_address>0x1757e</run_address>
         <size>0xe</size>
         <input_file_ref idref="fl-1c"/>
      </object_component>
      <object_component id="oc-372">
         <name>.econst:_SECP224R1_PRIME</name>
         <load_address>0x1758c</load_address>
         <run_address>0x1758c</run_address>
         <size>0xe</size>
         <input_file_ref idref="fl-1c"/>
      </object_component>
      <object_component id="oc-36e">
         <name>.econst:_SECP192R1_A</name>
         <load_address>0x1759a</load_address>
         <run_address>0x1759a</run_address>
         <size>0xc</size>
         <input_file_ref idref="fl-1c"/>
      </object_component>
      <object_component id="oc-36f">
         <name>.econst:_SECP192R1_B</name>
         <load_address>0x175a6</load_address>
         <run_address>0x175a6</run_address>
         <size>0xc</size>
         <input_file_ref idref="fl-1c"/>
      </object_component>
      <object_component id="oc-370">
         <name>.econst:_SECP192R1_BASE_X</name>
         <load_address>0x175b2</load_address>
         <run_address>0x175b2</run_address>
         <size>0xc</size>
         <input_file_ref idref="fl-1c"/>
      </object_component>
      <object_component id="oc-371">
         <name>.econst:_SECP192R1_BASE_Y</name>
         <load_address>0x175be</load_address>
         <run_address>0x175be</run_address>
         <size>0xc</size>
         <input_file_ref idref="fl-1c"/>
      </object_component>
      <object_component id="oc-36d">
         <name>.econst:_SECP192R1_ORDER_N</name>
         <load_address>0x175ca</load_address>
         <run_address>0x175ca</run_address>
         <size>0xc</size>
         <input_file_ref idref="fl-1c"/>
      </object_component>
      <object_component id="oc-36c">
         <name>.econst:_SECP192R1_PRIME</name>
         <load_address>0x175d6</load_address>
         <run_address>0x175d6</run_address>
         <size>0xc</size>
         <input_file_ref idref="fl-1c"/>
      </object_component>
      <object_component id="oc-29f">
         <name>.econst</name>
         <load_address>0x175e2</load_address>
         <run_address>0x175e2</run_address>
         <size>0x8</size>
         <input_file_ref idref="fl-69"/>
      </object_component>
      <object_component id="oc-1c1">
         <name>.econst:.string</name>
         <load_address>0x175ea</load_address>
[...]
      </symbol>
      <symbol id="sm-914">
         <name>_SysCtl_setClock</name>
         <value>0x11b25</value>
         <object_component_ref idref="oc-365"/>
      </symbol>
      <symbol id="sm-916">
         <name>_SysCtl_getLowSpeedClock</name>
         <value>0x13119</value>
         <object_component_ref idref="oc-367"/>
      </symbol>
      <symbol id="sm-918">
         <name>_SysCtl_getClock</name>
         <value>0x12a6b</value>
         <object_component_ref idref="oc-366"/>
      </symbol>
      <symbol id="sm-91a">
         <name>_SysCtl_getDeviceParametric</name>
         <value>0x12791</value>
         <object_component_ref idref="oc-364"/>
      </symbol>
      <symbol id="sm-934">
         <name>_printf</name>
         <value>0x12dc1</value>
         <object_component_ref idref="oc-345"/>
      </symbol>
      <symbol id="sm-a98">
         <name>___TI_printfi</name>
         <value>0xf85f</value>
         <object_component_ref idref="oc-361"/>
      </symbol>
      <symbol id="sm-aac">
         <name>_getchar</name>
         <value>0x12ba9</value>
         <object_component_ref idref="oc-363"/>
      </symbol>
      <symbol id="sm-aae">
         <name>_getc</name>
         <value>0x12b5e</value>
         <object_component_ref idref="oc-363"/>
      </symbol>
      <symbol id="sm-aaf">
         <name>_fgetc</name>
         <value>0x12b5e</value>
         <object_component_ref idref="oc-363"/>
      </symbol>
      <symbol id="sm-ac3">
         <name>_putchar</name>
         <value>0x12a14</value>
         <object_component_ref idref="oc-35c"/>
      </symbol>
      <symbol id="sm-ac5">
         <name>_putc</name>
         <value>0x129c6</value>
         <object_component_ref idref="oc-35c"/>
      </symbol>
      <symbol id="sm-ac6">
         <name>_fputc</name>
         <value>0x129c6</value>
         <object_component_ref idref="oc-35c"/>
      </symbol>
      <symbol id="sm-ae4">
         <name>_puts</name>
         <value>0x122cd</value>
         <object_component_ref idref="oc-35d"/>
      </symbol>
      <symbol id="sm-ae6">
         <name>_fputs</name>
         <value>0x12238</value>
         <object_component_ref idref="oc-35d"/>
      </symbol>
      <symbol id="sm-af9">
         <name>___TI_buff_read</name>
         <value>0x12a19</value>
         <object_component_ref idref="oc-395"/>
      </symbol>
      <symbol id="sm-b11">
         <name>___TI_rd_ok</name>
         <value>0x12833</value>
         <object_component_ref idref="oc-38d"/>
      </symbol>
      <symbol id="sm-b13">
         <name>___TI_wrt_ok</name>
         <value>0x127f9</value>
         <object_component_ref idref="oc-38d"/>
      </symbol>
      <symbol id="sm-b2b">
         <name>_setvbuf</name>
         <value>0x12631</value>
         <object_component_ref idref="oc-39e"/>
      </symbol>
      <symbol id="sm-b47">
         <name>_c_int00</name>
         <value>0x12970</value>
         <object_component_ref idref="oc-8c"/>
      </symbol>
      <symbol id="sm-b48">
         <name>__stack</name>
         <value>0x400</value>
         <object_component_ref idref="oc-1d5"/>
      </symbol>
      <symbol id="sm-b58">
         <name>FD$$CMP</name>
         <value>0x12edf</value>
         <object_component_ref idref="oc-1db"/>
      </symbol>
      <symbol id="sm-b6a">
         <name>FD$$MPY</name>
         <value>0x125ae</value>
         <object_component_ref idref="oc-1e0"/>
      </symbol>
      <symbol id="sm-b77">
         <name>FD$$NEG</name>
         <value>0x132bd</value>
         <object_component_ref idref="oc-1e5"/>
      </symbol>
      <symbol id="sm-b83">
         <name>FD$$SUB</name>
         <value>0x13262</value>
         <object_component_ref idref="oc-1ea"/>
      </symbol>
      <symbol id="sm-b92">
         <name>FD$$TOI</name>
         <value>0x13010</value>
         <object_component_ref idref="oc-1ef"/>
      </symbol>
      <symbol id="sm-ba1">
         <name>FD$$TOL</name>
         <value>0x13050</value>
         <object_component_ref idref="oc-1f4"/>
      </symbol>
      <symbol id="sm-bb2">
         <name>FS$$DIV</name>
         <value>0x12526</value>
         <object_component_ref idref="oc-1f9"/>
      </symbol>
      <symbol id="sm-bbe">
         <name>LL$$AND</name>
         <value>0x1317e</value>
         <object_component_ref idref="oc-1fe"/>
      </symbol>
      <symbol id="sm-bbf">
         <name>LL$$OR</name>
         <value>0x13186</value>
         <object_component_ref idref="oc-1fe"/>
      </symbol>
      <symbol id="sm-bc0">
         <name>LL$$XOR</name>
         <value>0x1318e</value>
         <object_component_ref idref="oc-1fe"/>
      </symbol>
      <symbol id="sm-bce">
         <name>ULL$$CMP</name>
         <value>0x13081</value>
         <object_component_ref idref="oc-203"/>
      </symbol>
      <symbol id="sm-bcf">
         <name>LL$$CMP</name>
         <value>0x1306f</value>
         <object_component_ref idref="oc-203"/>
      </symbol>
      <symbol id="sm-bfb">
         <name>ULL$$MOD</name>
         <value>0x1212d</value>
         <object_component_ref idref="oc-208"/>
      </symbol>
      <symbol id="sm-bfc">
         <name>ULL$$DIV</name>
         <value>0x120fe</value>
         <object_component_ref idref="oc-208"/>
      </symbol>
      <symbol id="sm-bfd">
         <name>LL$$MOD</name>
         <value>0x120c4</value>
         <object_component_ref idref="oc-208"/>
      </symbol>
      <symbol id="sm-bfe">
         <name>LL$$DIV</name>
         <value>0x12088</value>
         <object_component_ref idref="oc-208"/>
      </symbol>
      <symbol id="sm-c0e">
         <name>I$$TOFD</name>
         <value>0x1308d</value>
         <object_component_ref idref="oc-20d"/>
      </symbol>
      <symbol id="sm-c1e">
         <name>L$$TOFD</name>
         <value>0x130e3</value>
         <object_component_ref idref="oc-212"/>
      </symbol>
      <symbol id="sm-c2e">
         <name>FS$$TOFD</name>
         <value>0x130c7</value>
         <object_component_ref idref="oc-217"/>
      </symbol>
      <symbol id="sm-c45">
         <name>FD$$DIV</name>
         <value>0x12411</value>
         <object_component_ref idref="oc-21c"/>
      </symbol>
      <symbol id="sm-c54">
         <name>_copy_in</name>
         <value>0x12f83</value>
         <object_component_ref idref="oc-32d"/>
      </symbol>
      <symbol id="sm-c66">
         <name>_memcpy</name>
         <value>0x130aa</value>
         <object_component_ref idref="oc-331"/>
      </symbol>
      <symbol id="sm-c73">
         <name>__system_pre_init</name>
         <value>0x132f5</value>
         <object_component_ref idref="oc-32c"/>
      </symbol>
      <symbol id="sm-c81">
         <name>__system_post_cinit</name>
         <value>0xe6e1</value>
         <object_component_ref idref="oc-32e"/>
      </symbol>
      <symbol id="sm-c96">
         <name>C$$EXIT</name>
         <value>0x12f33</value>
         <object_component_ref idref="oc-330"/>
      </symbol>
      <symbol id="sm-c97">
         <name>_exit</name>
         <value>0x12f35</value>
         <object_component_ref idref="oc-330"/>
      </symbol>
      <symbol id="sm-c99">
         <name>___TI_cleanup_ptr</name>
         <value>0x15262</value>
         <object_component_ref idref="oc-237"/>
      </symbol>
      <symbol id="sm-c9a">
         <name>___TI_enable_exit_profile_output</name>
         <value>0x15260</value>
         <object_component_ref idref="oc-237"/>
      </symbol>
      <symbol id="sm-c9b">
         <name>_abort</name>
         <value>0x12f33</value>
         <object_component_ref idref="oc-330"/>
      </symbol>
      <symbol id="sm-c9d">
         <name>___TI_dtors_ptr</name>
         <value>0x15264</value>
         <object_component_ref idref="oc-237"/>
      </symbol>
      <symbol id="sm-cb1">
         <name>__unlock</name>
         <value>0x1526c</value>
         <object_component_ref idref="oc-360"/>
      </symbol>
      <symbol id="sm-cb2">
         <name>__lock</name>
         <value>0x1526a</value>
         <object_component_ref idref="oc-333"/>
      </symbol>
      <symbol id="sm-cb3">
         <name>__register_lock</name>
         <value>0x132b8</value>
         <object_component_ref idref="oc-357"/>
      </symbol>
      <symbol id="sm-cb5">
         <name>__nop</name>
         <value>0x132bc</value>
         <object_component_ref idref="oc-357"/>
      </symbol>
      <symbol id="sm-cb7">
         <name>__register_unlock</name>
         <value>0x132b4</value>
         <object_component_ref idref="oc-357"/>
      </symbol>
      <symbol id="sm-cc6">
         <name>___TI_ltoa</name>
         <value>0x12e84</value>
         <object_component_ref idref="oc-3a2"/>
      </symbol>
      <symbol id="sm-cd6">
         <name>__args_main</name>
         <value>0x13212</value>
         <object_component_ref idref="oc-32f"/>
      </symbol>
      <symbol id="sm-ce3">
         <name>__abort_msg</name>
         <value>0x13270</value>
         <object_component_ref idref="oc-35a"/>
      </symbol>
      <symbol id="sm-cf8">
         <name>_atoi</name>
         <value>0x12e53</value>
         <object_component_ref idref="oc-390"/>
      </symbol>
      <symbol id="sm-d01">
         <name>__ctypes_</name>
         <value>0x16fef</value>
         <object_component_ref idref="oc-3a1"/>
      </symbol>
      <symbol id="sm-d12">
         <name>___TI_ft_end</name>
         <value>0x15270</value>
         <object_component_ref idref="oc-259"/>
      </symbol>
      <symbol id="sm-d13">
         <name>___TI_tmpnams</name>
         <value>0x151c0</value>
         <object_component_ref idref="oc-3c3"/>
      </symbol>
      <symbol id="sm-d14">
         <name>__ftable</name>
         <value>0x15280</value>
         <object_component_ref idref="oc-35e"/>
      </symbol>
      <symbol id="sm-d23">
         <name>_memccpy</name>
         <value>0x13235</value>
         <object_component_ref idref="oc-393"/>
      </symbol>
      <symbol id="sm-d33">
         <name>_memchr</name>
         <value>0x1327d</value>
         <object_component_ref idref="oc-38f"/>
      </symbol>
      <symbol id="sm-d91">
         <name>__sys_memory</name>
         <value>0xa800</value>
         <object_component_ref idref="oc-268"/>
      </symbol>
      <symbol id="sm-d92">
         <name>___TI_heap_total_available</name>
         <value>0x11611</value>
         <object_component_ref idref="oc-3a9"/>
      </symbol>
      <symbol id="sm-d94">
         <name>_realloc</name>
         <value>0x114b6</value>
         <object_component_ref idref="oc-3a9"/>
      </symbol>
      <symbol id="sm-d96">
         <name>___TI_heap_check</name>
         <value>0x1164b</value>
         <object_component_ref idref="oc-3a9"/>
      </symbol>
      <symbol id="sm-d98">
         <name>_free</name>
         <value>0x113ec</value>
         <object_component_ref idref="oc-3a9"/>
      </symbol>
      <symbol id="sm-d9a">
         <name>_memalign</name>
         <value>0x1156b</value>
         <object_component_ref idref="oc-3a9"/>
      </symbol>
      <symbol id="sm-d9b">
         <name>_calloc</name>
         <value>0x1153e</value>
         <object_component_ref idref="oc-3a9"/>
      </symbol>
      <symbol id="sm-d9d">
         <name>_malloc</name>
         <value>0x113c1</value>
         <object_component_ref idref="oc-3a9"/>
      </symbol>
      <symbol id="sm-d9f">
         <name>_aligned_alloc</name>
         <value>0x1156b</value>
         <object_component_ref idref="oc-3a9"/>
      </symbol>
      <symbol id="sm-da1">
         <name>_minit</name>
         <value>0x1153a</value>
         <object_component_ref idref="oc-3a9"/>
      </symbol>
      <symbol id="sm-da3">
         <name>___TI_heap_largest_available</name>
         <value>0x1162e</value>
         <object_component_ref idref="oc-3a9"/>
      </symbol>
      <symbol id="sm-db2">
         <name>_memset</name>
         <value>0x132e6</value>
         <object_component_ref idref="oc-38a"/>
      </symbol>
      <symbol id="sm-dc4">
         <name>_rand</name>
         <value>0x12ec4</value>
         <object_component_ref idref="oc-3a7"/>
      </symbol>
      <symbol id="sm-dc6">
         <name>_srand</name>
         <value>0x12eb4</value>
         <object_component_ref idref="oc-3a7"/>
      </symbol>
      <symbol id="sm-dd6">
         <name>_strchr</name>
         <value>0x1328a</value>
         <object_component_ref idref="oc-3a5"/>
      </symbol>
      <symbol id="sm-de4">
         <name>_strcpy</name>
         <value>0x132ed</value>
         <object_component_ref idref="oc-391"/>
      </symbol>
      <symbol id="sm-df2">
         <name>_strlen</name>
         <value>0x132d7</value>
         <object_component_ref idref="oc-33f"/>
      </symbol>
      <symbol id="sm-e00">
         <name>_write</name>
         <value>0x13165</value>
         <object_component_ref idref="oc-38e"/>
      </symbol>
      <symbol id="sm-e11">
         <name>__device</name>
         <value>0x15300</value>
         <object_component_ref idref="oc-3ab"/>
      </symbol>
      <symbol id="sm-e12">
         <name>__stream</name>
         <value>0x15348</value>
         <object_component_ref idref="oc-39f"/>
      </symbol>
      <symbol id="sm-e1f">
         <name>_read</name>
         <value>0x13133</value>
         <object_component_ref idref="oc-396"/>
      </symbol>
      <symbol id="sm-e2c">
         <name>___c28xabi_CLOCKS_PER_SEC</name>
         <value>0x175ec</value>
         <object_component_ref idref="oc-295"/>
      </symbol>
      <symbol id="sm-e36">
         <name>_errno</name>
         <value>0x15271</value>
         <object_component_ref idref="oc-29c"/>
      </symbol>
      <symbol id="sm-e49">
         <name>_frexpl</name>
         <value>0x12916</value>
         <object_component_ref idref="oc-3a3"/>
      </symbol>
      <symbol id="sm-e68">
         <name>_scalbnl</name>
         <value>0x1218f</value>
         <object_component_ref idref="oc-3a4"/>
      </symbol>
      <symbol id="sm-e6a">
         <name>_ldexpl</name>
         <value>0x1218f</value>
         <object_component_ref idref="oc-3a4"/>
      </symbol>
      <symbol id="sm-e78">
         <name>_wcslen</name>
         <value>0x132c6</value>
         <object_component_ref idref="oc-394"/>
      </symbol>
      <symbol id="sm-e8f">
         <name>___TI_doflush</name>
         <value>0x126ad</value>
         <object_component_ref idref="oc-38c"/>
      </symbol>
      <symbol id="sm-e91">
         <name>_fflush</name>
         <value>0x126dc</value>
         <object_component_ref idref="oc-38c"/>
      </symbol>
      <symbol id="sm-ecd">
         <name>_fopen</name>
         <value>0x11f32</value>
         <object_component_ref idref="oc-3aa"/>
      </symbol>
      <symbol id="sm-ecf">
         <name>___TI_cleanup</name>
         <value>0x11ef7</value>
         <object_component_ref idref="oc-3aa"/>
      </symbol>
      <symbol id="sm-ed1">
         <name>_freopen</name>
         <value>0x11f14</value>
         <object_component_ref idref="oc-3aa"/>
      </symbol>
      <symbol id="sm-ee2">
         <name>_fseek</name>
         <value>0x12c34</value>
         <object_component_ref idref="oc-39d"/>
      </symbol>
      <symbol id="sm-ee3">
         <name>_fseeko</name>
         <value>0x12c34</value>
         <object_component_ref idref="oc-39d"/>
      </symbol>
      <symbol id="sm-eff">
         <name>FD$$ADD</name>
         <value>0x122e0</value>
         <object_component_ref idref="oc-2c0"/>
      </symbol>
      <symbol id="sm-f0b">
         <name>UL$$MOD</name>
         <value>0x12f2d</value>
         <object_component_ref idref="oc-2c5"/>
      </symbol>
      <symbol id="sm-f0c">
         <name>L$$MOD</name>
         <value>0x12f18</value>
         <object_component_ref idref="oc-2c5"/>
      </symbol>
      <symbol id="sm-f0d">
         <name>L$$DIV</name>
         <value>0x12f09</value>
         <object_component_ref idref="oc-2c5"/>
      </symbol>
      <symbol id="sm-f0e">
         <name>UL$$DIV</name>
         <value>0x12f26</value>
         <object_component_ref idref="oc-2c5"/>
      </symbol>
      <symbol id="sm-f23">
         <name>_HOSTclose</name>
         <value>0x12f5c</value>
         <object_component_ref idref="oc-3b9"/>
      </symbol>
      <symbol id="sm-f30">
         <name>_HOSTlseek</name>
         <value>0x128bb</value>
         <object_component_ref idref="oc-3bc"/>
      </symbol>
      <symbol id="sm-f40">
         <name>_parmbuf</name>
         <value>0x151b2</value>
         <object_component_ref idref="oc-3c5"/>
      </symbol>
      <symbol id="sm-f41">
         <name>_HOSTopen</name>
         <value>0x12c71</value>
         <object_component_ref idref="oc-3b8"/>
      </symbol>
      <symbol id="sm-f4f">
         <name>_HOSTread</name>
         <value>0x12d85</value>
         <object_component_ref idref="oc-3ba"/>
      </symbol>
      <symbol id="sm-f5c">
         <name>_HOSTrename</name>
         <value>0x12bf6</value>
         <object_component_ref idref="oc-3be"/>
      </symbol>
      <symbol id="sm-f69">
         <name>_HOSTunlink</name>
         <value>0x12fa7</value>
         <object_component_ref idref="oc-3bd"/>
      </symbol>
      <symbol id="sm-f77">
         <name>_HOSTwrite</name>
         <value>0x12d4e</value>
         <object_component_ref idref="oc-3bb"/>
      </symbol>
      <symbol id="sm-f91">
         <name>___TI_readmsg</name>
         <value>0x123d4</value>
         <object_component_ref idref="oc-3c6"/>
      </symbol>
      <symbol id="sm-f93">
         <name>C$$IO$$</name>
         <value>0x123cf</value>
         <object_component_ref idref="oc-3c6"/>
      </symbol>
      <symbol id="sm-f94">
         <name>__CIOBUF_</name>
         <value>0x500</value>
         <object_component_ref idref="oc-2f3"/>
      </symbol>
      <symbol id="sm-f95">
         <name>___TI_writemsg</name>
         <value>0x1237c</value>
         <object_component_ref idref="oc-3c6"/>
      </symbol>
      <symbol id="sm-fb1">
         <name>_open</name>
         <value>0x12720</value>
         <object_component_ref idref="oc-3b6"/>
      </symbol>
      <symbol id="sm-fbf">
         <name>_lseek</name>
         <value>0x13196</value>
         <object_component_ref idref="oc-3a8"/>
      </symbol>
      <symbol id="sm-fcd">
         <name>_copysignl</name>
         <value>0x12fcb</value>
         <object_component_ref idref="oc-3ad"/>
      </symbol>
      <symbol id="sm-fdf">
         <name>___TI_closefile</name>
         <value>0x1285e</value>
         <object_component_ref idref="oc-3b7"/>
      </symbol>
      <symbol id="sm-fe1">
         <name>_fclose</name>
         <value>0x128a2</value>
         <object_component_ref idref="oc-3b7"/>
      </symbol>
      <symbol id="sm-ff3">
         <name>_finddevice</name>
         <value>0x12b0d</value>
         <object_component_ref idref="oc-3c1"/>
      </symbol>
      <symbol id="sm-ff5">
         <name>_getdevice</name>
         <value>0x12b28</value>
         <object_component_ref idref="oc-3c1"/>
      </symbol>
      <symbol id="sm-1004">
         <name>_strcmp</name>
         <value>0x132a1</value>
         <object_component_ref idref="oc-3c7"/>
      </symbol>
      <symbol id="sm-1015">
         <name>_strncpy</name>
         <value>0x131c5</value>
         <object_component_ref idref="oc-3c8"/>
      </symbol>
      <symbol id="sm-1022">
         <name>_remove</name>
         <value>0x132f2</value>
         <object_component_ref idref="oc-3c4"/>
      </symbol>
      <symbol id="sm-1033">
         <name>_close</name>
         <value>0x12def</value>
         <object_component_ref idref="oc-3c2"/>
      </symbol>
      <symbol id="sm-1040">
         <name>_unlink</name>
         <value>0x1314c</value>
         <object_component_ref idref="oc-3c9"/>
      </symbol>
   </symbol_table>
   <title>Link successful</title>
</link_info>
